2026-05-06 06:01:58.692 [Timer-0] WARN  com.pharmacie.utils.SyncService - Pas d'accès Internet. Fonctionnement 100% hors-ligne maintenu.
2026-05-06 06:01:59.063 [Timer-0] INFO  com.pharmacie.utils.SyncService - Internet détecté. Début de la synchronisation Cloud...
2026-05-06 06:01:59.063 [Timer-0] INFO  com.pharmacie.utils.SyncService - Démarrage extraction agrégats Jumeau Numérique...
2026-05-06 06:01:59.199 [Timer-0] INFO  com.pharmacie.utils.SyncService - Fichier JSON écrit : C:\projetjavasout\sync\dashboard_snapshot.json (4759 octets)
2026-05-06 06:02:13.599 [Timer-0] INFO  com.pharmacie.utils.SyncService - Synchro Cloud Supabase réussie ! (Code: 200)
2026-05-06 06:02:13.600 [Timer-0] INFO  com.pharmacie.utils.SyncService - Snapshot JSON écrit dans sync/dashboard_snapshot.json
2026-05-06 06:02:13.997 [Timer-0] INFO  com.pharmacie.utils.SyncService - Internet détecté. Début de la synchronisation Cloud...
2026-05-06 06:02:13.997 [Timer-0] INFO  com.pharmacie.utils.SyncService - Démarrage extraction agrégats Jumeau Numérique...
2026-05-06 06:02:14.124 [Timer-0] INFO  com.pharmacie.utils.SyncService - Fichier JSON écrit : C:\projetjavasout\sync\dashboard_snapshot.json (4759 octets)
2026-05-06 06:02:14.830 [Timer-0] INFO  com.pharmacie.utils.SyncService - Synchro Cloud Supabase réussie ! (Code: 200)
2026-05-06 06:02:14.832 [Timer-0] INFO  com.pharmacie.utils.SyncService - Snapshot JSON écrit dans sync/dashboard_snapshot.json
2026-05-06 06:02:15.247 [Timer-0] INFO  com.pharmacie.utils.SyncService - Internet détecté. Début de la synchronisation Cloud...
2026-05-06 06:02:15.248 [Timer-0] INFO  com.pharmacie.utils.SyncService - Démarrage extraction agrégats Jumeau Numérique...
2026-05-06 06:02:15.379 [Timer-0] INFO  com.pharmacie.utils.SyncService - Fichier JSON écrit : C:\projetjavasout\sync\dashboard_snapshot.json (4759 octets)
2026-05-06 06:02:16.173 [Timer-0] INFO  com.pharmacie.utils.SyncService - Synchro Cloud Supabase réussie ! (Code: 200)
2026-05-06 06:02:16.174 [Timer-0] INFO  com.pharmacie.utils.SyncService - Snapshot JSON écrit dans sync/dashboard_snapshot.json
2026-05-06 06:02:16.587 [Timer-0] INFO  com.pharmacie.utils.SyncService - Internet détecté. Début de la synchronisation Cloud...
2026-05-06 06:02:16.588 [Timer-0] INFO  com.pharmacie.utils.SyncService - Démarrage extraction agrégats Jumeau Numérique...
2026-05-06 06:02:16.771 [Timer-0] INFO  com.pharmacie.utils.SyncService - Fichier JSON écrit : C:\projetjavasout\sync\dashboard_snapshot.json (4759 octets)
2026-05-06 06:02:17.501 [Timer-0] INFO  com.pharmacie.utils.SyncService - Synchro Cloud Supabase réussie ! (Code: 200)
2026-05-06 06:02:17.504 [Timer-0] INFO  com.pharmacie.utils.SyncService - Snapshot JSON écrit dans sync/dashboard_snapshot.json
2026-05-06 06:02:18.013 [Timer-0] INFO  com.pharmacie.utils.SyncService - Internet détecté. Début de la synchronisation Cloud...
2026-05-06 06:02:18.013 [Timer-0] INFO  com.pharmacie.utils.SyncService - Démarrage extraction agrégats Jumeau Numérique...
2026-05-06 06:02:18.203 [Timer-0] INFO  com.pharmacie.utils.SyncService - Fichier JSON écrit : C:\projetjavasout\sync\dashboard_snapshot.json (4759 octets)
2026-05-06 06:02:18.991 [Timer-0] INFO  com.pharmacie.utils.SyncService - Synchro Cloud Supabase réussie ! (Code: 200)
2026-05-06 06:02:18.995 [Timer-0] INFO  com.pharmacie.utils.SyncService - Snapshot JSON écrit dans sync/dashboard_snapshot.json
2026-05-06 06:02:19.376 [Timer-0] INFO  com.pharmacie.utils.SyncService - Internet détecté. Début de la synchronisation Cloud...
2026-05-06 06:02:19.376 [Timer-0] INFO  com.pharmacie.utils.SyncService - Démarrage extraction agrégats Jumeau Numérique...
2026-05-06 06:02:19.587 [Timer-0] INFO  com.pharmacie.utils.SyncService - Fichier JSON écrit : C:\projetjavasout\sync\dashboard_snapshot.json (4759 octets)
2026-05-06 06:02:20.475 [Timer-0] INFO  com.pharmacie.utils.SyncService - Synchro Cloud Supabase réussie ! (Code: 200)
2026-05-06 06:02:20.476 [Timer-0] INFO  com.pharmacie.utils.SyncService - Snapshot JSON écrit dans sync/dashboard_snapshot.json
2026-05-06 06:02:20.984 [Timer-0] INFO  com.pharmacie.utils.SyncService - Internet détecté. Début de la synchronisation Cloud...
2026-05-06 06:02:20.985 [Timer-0] INFO  com.pharmacie.utils.SyncService - Démarrage extraction agrégats Jumeau Numérique...
2026-05-06 06:02:21.178 [Timer-0] INFO  com.pharmacie.utils.SyncService - Fichier JSON écrit : C:\projetjavasout\sync\dashboard_snapshot.json (4759 octets)
2026-05-06 06:02:22.007 [Timer-0] INFO  com.pharmacie.utils.SyncService - Synchro Cloud Supabase réussie ! (Code: 200)
2026-05-06 06:02:22.009 [Timer-0] INFO  com.pharmacie.utils.SyncService - Snapshot JSON écrit dans sync/dashboard_snapshot.json
2026-05-06 06:02:22.519 [Timer-0] INFO  com.pharmacie.utils.SyncService - Internet détecté. Début de la synchronisation Cloud...
2026-05-06 06:02:22.520 [Timer-0] INFO  com.pharmacie.utils.SyncService - Démarrage extraction agrégats Jumeau Numérique...
2026-05-06 06:02:22.717 [Timer-0] INFO  com.pharmacie.utils.SyncService - Fichier JSON écrit : C:\projetjavasout\sync\dashboard_snapshot.json (4759 octets)
2026-05-06 06:02:23.543 [Timer-0] INFO  com.pharmacie.utils.SyncService - Synchro Cloud Supabase réussie ! (Code: 200)
2026-05-06 06:02:23.547 [Timer-0] INFO  com.pharmacie.utils.SyncService - Snapshot JSON écrit dans sync/dashboard_snapshot.json
2026-05-06 06:02:23.981 [Timer-0] INFO  com.pharmacie.utils.SyncService - Internet détecté. Début de la synchronisation Cloud...
2026-05-06 06:02:23.982 [Timer-0] INFO  com.pharmacie.utils.SyncService - Démarrage extraction agrégats Jumeau Numérique...
2026-05-06 06:02:24.205 [Timer-0] INFO  com.pharmacie.utils.SyncService - Fichier JSON écrit : C:\projetjavasout\sync\dashboard_snapshot.json (4759 octets)
2026-05-06 06:02:24.982 [Timer-0] INFO  com.pharmacie.utils.SyncService - Synchro Cloud Supabase réussie ! (Code: 200)
2026-05-06 06:02:24.985 [Timer-0] INFO  com.pharmacie.utils.SyncService - Snapshot JSON écrit dans sync/dashboard_snapshot.json
2026-05-06 06:02:25.361 [Timer-0] INFO  com.pharmacie.utils.SyncService - Internet détecté. Début de la synchronisation Cloud...
2026-05-06 06:02:25.361 [Timer-0] INFO  com.pharmacie.utils.SyncService - Démarrage extraction agrégats Jumeau Numérique...
2026-05-06 06:02:25.531 [Timer-0] INFO  com.pharmacie.utils.SyncService - Fichier JSON écrit : C:\projetjavasout\sync\dashboard_snapshot.json (4759 octets)
2026-05-06 06:02:26.239 [Timer-0] INFO  com.pharmacie.utils.SyncService - Synchro Cloud Supabase réussie ! (Code: 200)
2026-05-06 06:02:26.241 [Timer-0] INFO  com.pharmacie.utils.SyncService - Snapshot JSON écrit dans sync/dashboard_snapshot.json
2026-05-06 06:02:26.686 [Timer-0] INFO  com.pharmacie.utils.SyncService - Internet détecté. Début de la synchronisation Cloud...
2026-05-06 06:02:26.687 [Timer-0] INFO  com.pharmacie.utils.SyncService - Démarrage extraction agrégats Jumeau Numérique...
2026-05-06 06:02:26.876 [Timer-0] INFO  com.pharmacie.utils.SyncService - Fichier JSON écrit : C:\projetjavasout\sync\dashboard_snapshot.json (4759 octets)
2026-05-06 06:02:27.597 [Timer-0] INFO  com.pharmacie.utils.SyncService - Synchro Cloud Supabase réussie ! (Code: 200)
2026-05-06 06:02:27.599 [Timer-0] INFO  com.pharmacie.utils.SyncService - Snapshot JSON écrit dans sync/dashboard_snapshot.json
2026-05-06 06:02:28.003 [Timer-0] INFO  com.pharmacie.utils.SyncService - Internet détecté. Début de la synchronisation Cloud...
2026-05-06 06:02:28.004 [Timer-0] INFO  com.pharmacie.utils.SyncService - Démarrage extraction agrégats Jumeau Numérique...
2026-05-06 06:02:28.149 [Timer-0] INFO  com.pharmacie.utils.SyncService - Fichier JSON écrit : C:\projetjavasout\sync\dashboard_snapshot.json (4759 octets)
2026-05-06 06:02:28.861 [Timer-0] INFO  com.pharmacie.utils.SyncService - Synchro Cloud Supabase réussie ! (Code: 200)
2026-05-06 06:02:28.863 [Timer-0] INFO  com.pharmacie.utils.SyncService - Snapshot JSON écrit dans sync/dashboard_snapshot.json
2026-05-06 06:02:29.379 [Timer-0] INFO  com.pharmacie.utils.SyncService - Internet détecté. Début de la synchronisation Cloud...
2026-05-06 06:02:29.380 [Timer-0] INFO  com.pharmacie.utils.SyncService - Démarrage extraction agrégats Jumeau Numérique...
2026-05-06 06:02:29.487 [Timer-0] INFO  com.pharmacie.utils.SyncService - Fichier JSON écrit : C:\projetjavasout\sync\dashboard_snapshot.json (4759 octets)
2026-05-06 06:02:30.190 [Timer-0] INFO  com.pharmacie.utils.SyncService - Synchro Cloud Supabase réussie ! (Code: 200)
2026-05-06 06:02:30.191 [Timer-0] INFO  com.pharmacie.utils.SyncService - Snapshot JSON écrit dans sync/dashboard_snapshot.json
2026-05-06 06:02:30.591 [Timer-0] INFO  com.pharmacie.utils.SyncService - Internet détecté. Début de la synchronisation Cloud...
2026-05-06 06:02:30.591 [Timer-0] INFO  com.pharmacie.utils.SyncService - Démarrage extraction agrégats Jumeau Numérique...
2026-05-06 06:02:30.699 [Timer-0] INFO  com.pharmacie.utils.SyncService - Fichier JSON écrit : C:\projetjavasout\sync\dashboard_snapshot.json (4759 octets)
2026-05-06 06:02:31.396 [Timer-0] INFO  com.pharmacie.utils.SyncService - Synchro Cloud Supabase réussie ! (Code: 200)
2026-05-06 06:02:31.398 [Timer-0] INFO  com.pharmacie.utils.SyncService - Snapshot JSON écrit dans sync/dashboard_snapshot.json
2026-05-06 06:02:31.896 [Timer-0] INFO  com.pharmacie.utils.SyncService - Internet détecté. Début de la synchronisation Cloud...
2026-05-06 06:02:31.896 [Timer-0] INFO  com.pharmacie.utils.SyncService - Démarrage extraction agrégats Jumeau Numérique...
2026-05-06 06:02:32.023 [Timer-0] INFO  com.pharmacie.utils.SyncService - Fichier JSON écrit : C:\projetjavasout\sync\dashboard_snapshot.json (4759 octets)
2026-05-06 06:02:32.738 [Timer-0] INFO  com.pharmacie.utils.SyncService - Synchro Cloud Supabase réussie ! (Code: 200)
2026-05-06 06:02:32.742 [Timer-0] INFO  com.pharmacie.utils.SyncService - Snapshot JSON écrit dans sync/dashboard_snapshot.json
2026-05-06 06:02:33.159 [Timer-0] INFO  com.pharmacie.utils.SyncService - Internet détecté. Début de la synchronisation Cloud...
2026-05-06 06:02:33.161 [Timer-0] INFO  com.pharmacie.utils.SyncService - Démarrage extraction agrégats Jumeau Numérique...
2026-05-06 06:02:33.385 [Timer-0] INFO  com.pharmacie.utils.SyncService - Fichier JSON écrit : C:\projetjavasout\sync\dashboard_snapshot.json (4759 octets)
2026-05-06 06:02:34.086 [Timer-0] INFO  com.pharmacie.utils.SyncService - Synchro Cloud Supabase réussie ! (Code: 200)
2026-05-06 06:02:34.089 [Timer-0] INFO  com.pharmacie.utils.SyncService - Snapshot JSON écrit dans sync/dashboard_snapshot.json
2026-05-06 06:02:34.500 [Timer-0] INFO  com.pharmacie.utils.SyncService - Internet détecté. Début de la synchronisation Cloud...
2026-05-06 06:02:34.501 [Timer-0] INFO  com.pharmacie.utils.SyncService - Démarrage extraction agrégats Jumeau Numérique...
2026-05-06 06:02:34.712 [Timer-0] INFO  com.pharmacie.utils.SyncService - Fichier JSON écrit : C:\projetjavasout\sync\dashboard_snapshot.json (4759 octets)
2026-05-06 06:02:35.434 [Timer-0] INFO  com.pharmacie.utils.SyncService - Synchro Cloud Supabase réussie ! (Code: 200)
2026-05-06 06:02:35.436 [Timer-0] INFO  com.pharmacie.utils.SyncService - Snapshot JSON écrit dans sync/dashboard_snapshot.json
2026-05-06 06:02:35.936 [Timer-0] INFO  com.pharmacie.utils.SyncService - Internet détecté. Début de la synchronisation Cloud...
2026-05-06 06:02:35.937 [Timer-0] INFO  com.pharmacie.utils.SyncService - Démarrage extraction agrégats Jumeau Numérique...
2026-05-06 06:02:36.133 [Timer-0] INFO  com.pharmacie.utils.SyncService - Fichier JSON écrit : C:\projetjavasout\sync\dashboard_snapshot.json (4759 octets)
2026-05-06 06:02:36.958 [Timer-0] INFO  com.pharmacie.utils.SyncService - Synchro Cloud Supabase réussie ! (Code: 200)
2026-05-06 06:02:36.960 [Timer-0] INFO  com.pharmacie.utils.SyncService - Snapshot JSON écrit dans sync/dashboard_snapshot.json
2026-05-06 06:02:37.469 [Timer-0] INFO  com.pharmacie.utils.SyncService - Internet détecté. Début de la synchronisation Cloud...
2026-05-06 06:02:37.470 [Timer-0] INFO  com.pharmacie.utils.SyncService - Démarrage extraction agrégats Jumeau Numérique...
2026-05-06 06:02:37.667 [Timer-0] INFO  com.pharmacie.utils.SyncService - Fichier JSON écrit : C:\projetjavasout\sync\dashboard_snapshot.json (4758 octets)
2026-05-06 06:02:38.493 [Timer-0] INFO  com.pharmacie.utils.SyncService - Synchro Cloud Supabase réussie ! (Code: 200)
2026-05-06 06:02:38.496 [Timer-0] INFO  com.pharmacie.utils.SyncService - Snapshot JSON écrit dans sync/dashboard_snapshot.json
2026-05-06 06:02:39.006 [Timer-0] INFO  com.pharmacie.utils.SyncService - Internet détecté. Début de la synchronisation Cloud...
2026-05-06 06:02:39.006 [Timer-0] INFO  com.pharmacie.utils.SyncService - Démarrage extraction agrégats Jumeau Numérique...
2026-05-06 06:02:39.212 [Timer-0] INFO  com.pharmacie.utils.SyncService - Fichier JSON écrit : C:\projetjavasout\sync\dashboard_snapshot.json (4759 octets)
2026-05-06 06:02:40.131 [Timer-0] INFO  com.pharmacie.utils.SyncService - Synchro Cloud Supabase réussie ! (Code: 200)
2026-05-06 06:02:40.134 [Timer-0] INFO  com.pharmacie.utils.SyncService - Snapshot JSON écrit dans sync/dashboard_snapshot.json
2026-05-06 06:02:40.644 [Timer-0] INFO  com.pharmacie.utils.SyncService - Internet détecté. Début de la synchronisation Cloud...
2026-05-06 06:02:40.645 [Timer-0] INFO  com.pharmacie.utils.SyncService - Démarrage extraction agrégats Jumeau Numérique...
2026-05-06 06:02:40.850 [Timer-0] INFO  com.pharmacie.utils.SyncService - Fichier JSON écrit : C:\projetjavasout\sync\dashboard_snapshot.json (4759 octets)
2026-05-06 06:03:12.700 [Timer-0] ERROR com.pharmacie.utils.SyncService - Erreur de connexion à Supabase: pfwlfuqhnrfjjnomlkji.supabase.co
2026-05-06 06:03:12.701 [Timer-0] INFO  com.pharmacie.utils.SyncService - Snapshot JSON écrit dans sync/dashboard_snapshot.json
2026-05-06 06:03:12.704 [Timer-0] WARN  com.pharmacie.utils.SyncService - Pas d'accès Internet. Fonctionnement 100% hors-ligne maintenu.
2026-05-06 06:03:12.704 [Timer-0] WARN  com.pharmacie.utils.SyncService - Pas d'accès Internet. Fonctionnement 100% hors-ligne maintenu.
2026-05-06 06:03:12.706 [Timer-0] WARN  com.pharmacie.utils.SyncService - Pas d'accès Internet. Fonctionnement 100% hors-ligne maintenu.
2026-05-06 06:03:12.706 [Timer-0] WARN  com.pharmacie.utils.SyncService - Pas d'accès Internet. Fonctionnement 100% hors-ligne maintenu.
2026-05-06 06:03:12.707 [Timer-0] WARN  com.pharmacie.utils.SyncService - Pas d'accès Internet. Fonctionnement 100% hors-ligne maintenu.
2026-05-06 06:03:12.707 [Timer-0] WARN  com.pharmacie.utils.SyncService - Pas d'accès Internet. Fonctionnement 100% hors-ligne maintenu.
2026-05-06 06:03:12.708 [Timer-0] WARN  com.pharmacie.utils.SyncService - Pas d'accès Internet. Fonctionnement 100% hors-ligne maintenu.
2026-05-06 06:03:12.708 [Timer-0] WARN  com.pharmacie.utils.SyncService - Pas d'accès Internet. Fonctionnement 100% hors-ligne maintenu.
2026-05-06 06:03:12.708 [Timer-0] WARN  com.pharmacie.utils.SyncService - Pas d'accès Internet. Fonctionnement 100% hors-ligne maintenu.
2026-05-06 06:03:12.709 [Timer-0] WARN  com.pharmacie.utils.SyncService - Pas d'accès Internet. Fonctionnement 100% hors-ligne maintenu.
2026-05-06 06:03:12.710 [Timer-0] WARN  com.pharmacie.utils.SyncService - Pas d'accès Internet. Fonctionnement 100% hors-ligne maintenu.
2026-05-06 06:03:12.710 [Timer-0] WARN  com.pharmacie.utils.SyncService - Pas d'accès Internet. Fonctionnement 100% hors-ligne maintenu.
2026-05-06 06:03:12.711 [Timer-0] WARN  com.pharmacie.utils.SyncService - Pas d'accès Internet. Fonctionnement 100% hors-ligne maintenu.
2026-05-06 06:03:12.711 [Timer-0] WARN  com.pharmacie.utils.SyncService - Pas d'accès Internet. Fonctionnement 100% hors-ligne maintenu.
2026-05-06 06:03:12.711 [Timer-0] WARN  com.pharmacie.utils.SyncService - Pas d'accès Internet. Fonctionnement 100% hors-ligne maintenu.
2026-05-06 06:03:12.712 [Timer-0] WARN  com.pharmacie.utils.SyncService - Pas d'accès Internet. Fonctionnement 100% hors-ligne maintenu.
2026-05-06 06:03:12.712 [Timer-0] WARN  com.pharmacie.utils.SyncService - Pas d'accès Internet. Fonctionnement 100% hors-ligne maintenu.
2026-05-06 06:03:12.712 [Timer-0] WARN  com.pharmacie.utils.SyncService - Pas d'accès Internet. Fonctionnement 100% hors-ligne maintenu.
2026-05-06 06:03:12.713 [Timer-0] WARN  com.pharmacie.utils.SyncService - Pas d'accès Internet. Fonctionnement 100% hors-ligne maintenu.
2026-05-06 06:03:12.713 [Timer-0] WARN  com.pharmacie.utils.SyncService - Pas d'accès Internet. Fonctionnement 100% hors-ligne maintenu.
2026-05-06 06:03:12.715 [Timer-0] WARN  com.pharmacie.utils.SyncService - Pas d'accès Internet. Fonctionnement 100% hors-ligne maintenu.
2026-05-06 06:03:12.715 [Timer-0] WARN  com.pharmacie.utils.SyncService - Pas d'accès Internet. Fonctionnement 100% hors-ligne maintenu.
2026-05-06 06:03:12.716 [Timer-0] WARN  com.pharmacie.utils.SyncService - Pas d'accès Internet. Fonctionnement 100% hors-ligne maintenu.
2026-05-06 06:03:12.716 [Timer-0] WARN  com.pharmacie.utils.SyncService - Pas d'accès Internet. Fonctionnement 100% hors-ligne maintenu.
2026-05-06 06:03:12.717 [Timer-0] WARN  com.pharmacie.utils.SyncService - Pas d'accès Internet. Fonctionnement 100% hors-ligne maintenu.
2026-05-06 06:03:12.717 [Timer-0] WARN  com.pharmacie.utils.SyncService - Pas d'accès Internet. Fonctionnement 100% hors-ligne maintenu.
2026-05-06 06:03:12.717 [Timer-0] WARN  com.pharmacie.utils.SyncService - Pas d'accès Internet. Fonctionnement 100% hors-ligne maintenu.
2026-05-06 06:03:12.718 [Timer-0] WARN  com.pharmacie.utils.SyncService - Pas d'accès Internet. Fonctionnement 100% hors-ligne maintenu.
2026-05-06 06:03:12.718 [Timer-0] WARN  com.pharmacie.utils.SyncService - Pas d'accès Internet. Fonctionnement 100% hors-ligne maintenu.
2026-05-06 06:03:12.719 [Timer-0] WARN  com.pharmacie.utils.SyncService - Pas d'accès Internet. Fonctionnement 100% hors-ligne maintenu.
2026-05-06 06:03:12.720 [Timer-0] WARN  com.pharmacie.utils.SyncService - Pas d'accès Internet. Fonctionnement 100% hors-ligne maintenu.
2026-05-06 06:03:12.720 [Timer-0] WARN  com.pharmacie.utils.SyncService - Pas d'accès Internet. Fonctionnement 100% hors-ligne maintenu.
2026-05-06 06:03:12.721 [Timer-0] WARN  com.pharmacie.utils.SyncService - Pas d'accès Internet. Fonctionnement 100% hors-ligne maintenu.
2026-05-06 06:03:12.721 [Timer-0] WARN  com.pharmacie.utils.SyncService - Pas d'accès Internet. Fonctionnement 100% hors-ligne maintenu.
2026-05-06 06:03:12.721 [Timer-0] WARN  com.pharmacie.utils.SyncService - Pas d'accès Internet. Fonctionnement 100% hors-ligne maintenu.
2026-05-06 06:03:12.723 [Timer-0] WARN  com.pharmacie.utils.SyncService - Pas d'accès Internet. Fonctionnement 100% hors-ligne maintenu.
2026-05-06 06:03:12.723 [Timer-0] WARN  com.pharmacie.utils.SyncService - Pas d'accès Internet. Fonctionnement 100% hors-ligne maintenu.
2026-05-06 06:03:12.724 [Timer-0] WARN  com.pharmacie.utils.SyncService - Pas d'accès Internet. Fonctionnement 100% hors-ligne maintenu.
2026-05-06 06:03:12.724 [Timer-0] WARN  com.pharmacie.utils.SyncService - Pas d'accès Internet. Fonctionnement 100% hors-ligne maintenu.
2026-05-06 06:03:12.725 [Timer-0] WARN  com.pharmacie.utils.SyncService - Pas d'accès Internet. Fonctionnement 100% hors-ligne maintenu.
2026-05-06 06:03:12.725 [Timer-0] WARN  com.pharmacie.utils.SyncService - Pas d'accès Internet. Fonctionnement 100% hors-ligne maintenu.
2026-05-06 06:03:12.725 [Timer-0] WARN  com.pharmacie.utils.SyncService - Pas d'accès Internet. Fonctionnement 100% hors-ligne maintenu.
2026-05-06 06:03:12.726 [Timer-0] WARN  com.pharmacie.utils.SyncService - Pas d'accès Internet. Fonctionnement 100% hors-ligne maintenu.
2026-05-06 06:03:12.726 [Timer-0] WARN  com.pharmacie.utils.SyncService - Pas d'accès Internet. Fonctionnement 100% hors-ligne maintenu.
2026-05-06 06:03:12.726 [Timer-0] WARN  com.pharmacie.utils.SyncService - Pas d'accès Internet. Fonctionnement 100% hors-ligne maintenu.
2026-05-06 06:03:12.728 [Timer-0] WARN  com.pharmacie.utils.SyncService - Pas d'accès Internet. Fonctionnement 100% hors-ligne maintenu.
2026-05-06 06:03:12.728 [Timer-0] WARN  com.pharmacie.utils.SyncService - Pas d'accès Internet. Fonctionnement 100% hors-ligne maintenu.
2026-05-06 06:03:12.729 [Timer-0] WARN  com.pharmacie.utils.SyncService - Pas d'accès Internet. Fonctionnement 100% hors-ligne maintenu.
2026-05-06 06:03:12.729 [Timer-0] WARN  com.pharmacie.utils.SyncService - Pas d'accès Internet. Fonctionnement 100% hors-ligne maintenu.
2026-05-06 06:03:12.730 [Timer-0] WARN  com.pharmacie.utils.SyncService - Pas d'accès Internet. Fonctionnement 100% hors-ligne maintenu.
2026-05-06 06:03:12.730 [Timer-0] WARN  com.pharmacie.utils.SyncService - Pas d'accès Internet. Fonctionnement 100% hors-ligne maintenu.
2026-05-06 06:03:12.731 [Timer-0] WARN  com.pharmacie.utils.SyncService - Pas d'accès Internet. Fonctionnement 100% hors-ligne maintenu.
2026-05-06 06:03:12.732 [Timer-0] WARN  com.pharmacie.utils.SyncService - Pas d'accès Internet. Fonctionnement 100% hors-ligne maintenu.
2026-05-06 06:03:12.732 [Timer-0] WARN  com.pharmacie.utils.SyncService - Pas d'accès Internet. Fonctionnement 100% hors-ligne maintenu.
2026-05-06 06:03:12.733 [Timer-0] WARN  com.pharmacie.utils.SyncService - Pas d'accès Internet. Fonctionnement 100% hors-ligne maintenu.
2026-05-06 06:03:12.733 [Timer-0] WARN  com.pharmacie.utils.SyncService - Pas d'accès Internet. Fonctionnement 100% hors-ligne maintenu.
2026-05-06 06:03:12.733 [Timer-0] WARN  com.pharmacie.utils.SyncService - Pas d'accès Internet. Fonctionnement 100% hors-ligne maintenu.
2026-05-06 06:03:12.734 [Timer-0] WARN  com.pharmacie.utils.SyncService - Pas d'accès Internet. Fonctionnement 100% hors-ligne maintenu.
2026-05-06 06:03:12.734 [Timer-0] WARN  com.pharmacie.utils.SyncService - Pas d'accès Internet. Fonctionnement 100% hors-ligne maintenu.
2026-05-06 06:03:12.734 [Timer-0] WARN  com.pharmacie.utils.SyncService - Pas d'accès Internet. Fonctionnement 100% hors-ligne maintenu.
2026-05-06 06:03:12.735 [Timer-0] WARN  com.pharmacie.utils.SyncService - Pas d'accès Internet. Fonctionnement 100% hors-ligne maintenu.
2026-05-06 06:03:12.735 [Timer-0] WARN  com.pharmacie.utils.SyncService - Pas d'accès Internet. Fonctionnement 100% hors-ligne maintenu.
2026-05-06 06:03:12.737 [Timer-0] WARN  com.pharmacie.utils.SyncService - Pas d'accès Internet. Fonctionnement 100% hors-ligne maintenu.
2026-05-06 06:03:12.737 [Timer-0] WARN  com.pharmacie.utils.SyncService - Pas d'accès Internet. Fonctionnement 100% hors-ligne maintenu.
2026-05-06 06:03:12.737 [Timer-0] WARN  com.pharmacie.utils.SyncService - Pas d'accès Internet. Fonctionnement 100% hors-ligne maintenu.
2026-05-06 06:03:12.738 [Timer-0] WARN  com.pharmacie.utils.SyncService - Pas d'accès Internet. Fonctionnement 100% hors-ligne maintenu.
2026-05-06 06:03:12.738 [Timer-0] WARN  com.pharmacie.utils.SyncService - Pas d'accès Internet. Fonctionnement 100% hors-ligne maintenu.
2026-05-06 06:03:12.739 [Timer-0] WARN  com.pharmacie.utils.SyncService - Pas d'accès Internet. Fonctionnement 100% hors-ligne maintenu.
2026-05-06 06:03:12.739 [Timer-0] WARN  com.pharmacie.utils.SyncService - Pas d'accès Internet. Fonctionnement 100% hors-ligne maintenu.
2026-05-06 06:03:12.740 [Timer-0] WARN  com.pharmacie.utils.SyncService - Pas d'accès Internet. Fonctionnement 100% hors-ligne maintenu.
2026-05-06 06:03:12.740 [Timer-0] WARN  com.pharmacie.utils.SyncService - Pas d'accès Internet. Fonctionnement 100% hors-ligne maintenu.
2026-05-06 06:03:12.741 [Timer-0] WARN  com.pharmacie.utils.SyncService - Pas d'accès Internet. Fonctionnement 100% hors-ligne maintenu.
2026-05-06 06:03:12.741 [Timer-0] WARN  com.pharmacie.utils.SyncService - Pas d'accès Internet. Fonctionnement 100% hors-ligne maintenu.
2026-05-06 06:03:12.741 [Timer-0] WARN  com.pharmacie.utils.SyncService - Pas d'accès Internet. Fonctionnement 100% hors-ligne maintenu.
2026-05-06 06:03:12.742 [Timer-0] WARN  com.pharmacie.utils.SyncService - Pas d'accès Internet. Fonctionnement 100% hors-ligne maintenu.
2026-05-06 06:03:12.743 [Timer-0] WARN  com.pharmacie.utils.SyncService - Pas d'accès Internet. Fonctionnement 100% hors-ligne maintenu.
2026-05-06 06:03:12.743 [Timer-0] WARN  com.pharmacie.utils.SyncService - Pas d'accès Internet. Fonctionnement 100% hors-ligne maintenu.
2026-05-06 06:03:12.743 [Timer-0] WARN  com.pharmacie.utils.SyncService - Pas d'accès Internet. Fonctionnement 100% hors-ligne maintenu.
2026-05-06 06:03:12.744 [Timer-0] WARN  com.pharmacie.utils.SyncService - Pas d'accès Internet. Fonctionnement 100% hors-ligne maintenu.
2026-05-06 06:03:12.744 [Timer-0] WARN  com.pharmacie.utils.SyncService - Pas d'accès Internet. Fonctionnement 100% hors-ligne maintenu.
2026-05-06 06:03:12.745 [Timer-0] WARN  com.pharmacie.utils.SyncService - Pas d'accès Internet. Fonctionnement 100% hors-ligne maintenu.
2026-05-06 06:03:12.745 [Timer-0] WARN  com.pharmacie.utils.SyncService - Pas d'accès Internet. Fonctionnement 100% hors-ligne maintenu.
2026-05-06 06:03:12.746 [Timer-0] WARN  com.pharmacie.utils.SyncService - Pas d'accès Internet. Fonctionnement 100% hors-ligne maintenu.
2026-05-06 06:03:12.747 [Timer-0] WARN  com.pharmacie.utils.SyncService - Pas d'accès Internet. Fonctionnement 100% hors-ligne maintenu.
2026-05-06 06:03:12.747 [Timer-0] WARN  com.pharmacie.utils.SyncService - Pas d'accès Internet. Fonctionnement 100% hors-ligne maintenu.
2026-05-06 06:03:12.748 [Timer-0] WARN  com.pharmacie.utils.SyncService - Pas d'accès Internet. Fonctionnement 100% hors-ligne maintenu.
2026-05-06 06:03:12.748 [Timer-0] WARN  com.pharmacie.utils.SyncService - Pas d'accès Internet. Fonctionnement 100% hors-ligne maintenu.
2026-05-06 06:03:12.749 [Timer-0] WARN  com.pharmacie.utils.SyncService - Pas d'accès Internet. Fonctionnement 100% hors-ligne maintenu.
2026-05-06 06:03:12.749 [Timer-0] WARN  com.pharmacie.utils.SyncService - Pas d'accès Internet. Fonctionnement 100% hors-ligne maintenu.
2026-05-06 06:03:12.749 [Timer-0] WARN  com.pharmacie.utils.SyncService - Pas d'accès Internet. Fonctionnement 100% hors-ligne maintenu.
2026-05-06 06:03:12.750 [Timer-0] WARN  com.pharmacie.utils.SyncService - Pas d'accès Internet. Fonctionnement 100% hors-ligne maintenu.
2026-05-06 06:03:12.751 [Timer-0] WARN  com.pharmacie.utils.SyncService - Pas d'accès Internet. Fonctionnement 100% hors-ligne maintenu.
2026-05-06 06:03:12.751 [Timer-0] WARN  com.pharmacie.utils.SyncService - Pas d'accès Internet. Fonctionnement 100% hors-ligne maintenu.
2026-05-06 06:03:12.752 [Timer-0] WARN  com.pharmacie.utils.SyncService - Pas d'accès Internet. Fonctionnement 100% hors-ligne maintenu.
2026-05-06 06:03:12.752 [Timer-0] WARN  com.pharmacie.utils.SyncService - Pas d'accès Internet. Fonctionnement 100% hors-ligne maintenu.
2026-05-06 06:03:12.753 [Timer-0] WARN  com.pharmacie.utils.SyncService - Pas d'accès Internet. Fonctionnement 100% hors-ligne maintenu.
2026-05-06 06:03:12.753 [Timer-0] WARN  com.pharmacie.utils.SyncService - Pas d'accès Internet. Fonctionnement 100% hors-ligne maintenu.
2026-05-06 06:03:12.754 [Timer-0] WARN  com.pharmacie.utils.SyncService - Pas d'accès Internet. Fonctionnement 100% hors-ligne maintenu.
2026-05-06 06:03:12.754 [Timer-0] WARN  com.pharmacie.utils.SyncService - Pas d'accès Internet. Fonctionnement 100% hors-ligne maintenu.
2026-05-06 06:03:12.755 [Timer-0] WARN  com.pharmacie.utils.SyncService - Pas d'accès Internet. Fonctionnement 100% hors-ligne maintenu.
2026-05-06 06:03:12.756 [Timer-0] WARN  com.pharmacie.utils.SyncService - Pas d'accès Internet. Fonctionnement 100% hors-ligne maintenu.
2026-05-06 06:03:12.757 [Timer-0] WARN  com.pharmacie.utils.SyncService - Pas d'accès Internet. Fonctionnement 100% hors-ligne maintenu.
2026-05-06 06:03:12.757 [Timer-0] WARN  com.pharmacie.utils.SyncService - Pas d'accès Internet. Fonctionnement 100% hors-ligne maintenu.
2026-05-06 06:03:12.758 [Timer-0] WARN  com.pharmacie.utils.SyncService - Pas d'accès Internet. Fonctionnement 100% hors-ligne maintenu.
2026-05-06 06:03:12.758 [Timer-0] WARN  com.pharmacie.utils.SyncService - Pas d'accès Internet. Fonctionnement 100% hors-ligne maintenu.
2026-05-06 06:03:12.759 [Timer-0] WARN  com.pharmacie.utils.SyncService - Pas d'accès Internet. Fonctionnement 100% hors-ligne maintenu.
2026-05-06 06:03:12.759 [Timer-0] WARN  com.pharmacie.utils.SyncService - Pas d'accès Internet. Fonctionnement 100% hors-ligne maintenu.
2026-05-06 06:03:12.759 [Timer-0] WARN  com.pharmacie.utils.SyncService - Pas d'accès Internet. Fonctionnement 100% hors-ligne maintenu.
2026-05-06 06:03:12.759 [Timer-0] WARN  com.pharmacie.utils.SyncService - Pas d'accès Internet. Fonctionnement 100% hors-ligne maintenu.
2026-05-06 06:03:12.761 [Timer-0] WARN  com.pharmacie.utils.SyncService - Pas d'accès Internet. Fonctionnement 100% hors-ligne maintenu.
2026-05-06 06:03:12.761 [Timer-0] WARN  com.pharmacie.utils.SyncService - Pas d'accès Internet. Fonctionnement 100% hors-ligne maintenu.
2026-05-06 06:03:12.762 [Timer-0] WARN  com.pharmacie.utils.SyncService - Pas d'accès Internet. Fonctionnement 100% hors-ligne maintenu.
2026-05-06 06:07:23.281 [Timer-0] INFO  com.pharmacie.utils.SyncService - Internet détecté. Début de la synchronisation Cloud...
2026-05-06 06:07:23.281 [Timer-0] INFO  com.pharmacie.utils.SyncService - Démarrage extraction agrégats Jumeau Numérique...
2026-05-06 06:07:23.363 [Timer-0] INFO  com.pharmacie.utils.SyncService - Fichier JSON écrit : C:\projetjavasout\sync\dashboard_snapshot.json (4758 octets)
2026-05-06 06:07:25.762 [Timer-0] INFO  com.pharmacie.utils.SyncService - Synchro Cloud Supabase réussie ! (Code: 200)
2026-05-06 06:07:25.763 [Timer-0] INFO  com.pharmacie.utils.SyncService - Snapshot JSON écrit dans sync/dashboard_snapshot.json
2026-05-06 06:12:34.404 [Timer-0] INFO  com.pharmacie.utils.SyncService - Internet détecté. Début de la synchronisation Cloud...
2026-05-06 06:12:34.405 [Timer-0] INFO  com.pharmacie.utils.SyncService - Démarrage extraction agrégats Jumeau Numérique...
2026-05-06 06:12:34.471 [Timer-0] INFO  com.pharmacie.utils.SyncService - Fichier JSON écrit : C:\projetjavasout\sync\dashboard_snapshot.json (4759 octets)
2026-05-06 06:12:36.544 [Timer-0] INFO  com.pharmacie.utils.SyncService - Synchro Cloud Supabase réussie ! (Code: 200)
2026-05-06 06:12:36.545 [Timer-0] INFO  com.pharmacie.utils.SyncService - Snapshot JSON écrit dans sync/dashboard_snapshot.json
2026-05-06 06:17:34.360 [Timer-0] INFO  com.pharmacie.utils.SyncService - Internet détecté. Début de la synchronisation Cloud...
2026-05-06 06:17:34.362 [Timer-0] INFO  com.pharmacie.utils.SyncService - Démarrage extraction agrégats Jumeau Numérique...
2026-05-06 06:17:34.436 [Timer-0] INFO  com.pharmacie.utils.SyncService - Fichier JSON écrit : C:\projetjavasout\sync\dashboard_snapshot.json (4759 octets)
2026-05-06 06:17:35.964 [Timer-0] INFO  com.pharmacie.utils.SyncService - Synchro Cloud Supabase réussie ! (Code: 200)
2026-05-06 06:17:35.966 [Timer-0] INFO  com.pharmacie.utils.SyncService - Snapshot JSON écrit dans sync/dashboard_snapshot.json
2026-05-06 06:22:23.557 [Timer-0] INFO  com.pharmacie.utils.SyncService - Internet détecté. Début de la synchronisation Cloud...
2026-05-06 06:22:23.558 [Timer-0] INFO  com.pharmacie.utils.SyncService - Démarrage extraction agrégats Jumeau Numérique...
2026-05-06 06:22:23.606 [Timer-0] INFO  com.pharmacie.utils.SyncService - Fichier JSON écrit : C:\projetjavasout\sync\dashboard_snapshot.json (4759 octets)
2026-05-06 06:22:37.218 [Timer-0] INFO  com.pharmacie.utils.SyncService - Synchro Cloud Supabase réussie ! (Code: 200)
2026-05-06 06:22:37.219 [Timer-0] INFO  com.pharmacie.utils.SyncService - Snapshot JSON écrit dans sync/dashboard_snapshot.json
2026-05-06 06:27:23.244 [Timer-0] INFO  com.pharmacie.utils.SyncService - Internet détecté. Début de la synchronisation Cloud...
2026-05-06 06:27:23.244 [Timer-0] INFO  com.pharmacie.utils.SyncService - Démarrage extraction agrégats Jumeau Numérique...
2026-05-06 06:27:23.301 [Timer-0] INFO  com.pharmacie.utils.SyncService - Fichier JSON écrit : C:\projetjavasout\sync\dashboard_snapshot.json (4759 octets)
2026-05-06 06:27:24.823 [Timer-0] INFO  com.pharmacie.utils.SyncService - Synchro Cloud Supabase réussie ! (Code: 200)
2026-05-06 06:27:24.825 [Timer-0] INFO  com.pharmacie.utils.SyncService - Snapshot JSON écrit dans sync/dashboard_snapshot.json
2026-05-06 06:31:35.023 [JavaFX Application Thread] INFO  com.pharmacie.MainApp - Fermeture de l'application Vet-Pharmacy...
2026-05-06 06:31:35.024 [JavaFX Application Thread] INFO  com.pharmacie.utils.SyncService - Service de synchronisation arrêté.
2026-05-06 06:32:04.193 [JavaFX Application Thread] INFO  com.pharmacie.MainApp - Démarrage de l'application Vet-Pharmacy...
2026-05-06 06:32:09.880 [JavaFX Application Thread] INFO  com.pharmacie.utils.HibernateUtil - [Migration] Colonne 'motif' élargie à VARCHAR(255) avec succès.
2026-05-06 06:32:14.648 [Timer-0] INFO  com.pharmacie.utils.SyncService - Internet détecté. Début de la synchronisation Cloud...
2026-05-06 06:32:14.648 [Timer-0] INFO  com.pharmacie.utils.SyncService - Démarrage extraction agrégats Jumeau Numérique...
2026-05-06 06:32:16.254 [Timer-0] INFO  com.pharmacie.utils.SyncService - Fichier JSON écrit : C:\projetjavasout\sync\dashboard_snapshot.json (4759 octets)
2026-05-06 06:32:18.136 [Timer-0] INFO  com.pharmacie.utils.SyncService - Synchro Cloud Supabase réussie ! (Code: 200)
2026-05-06 06:32:18.136 [Timer-0] INFO  com.pharmacie.utils.SyncService - Snapshot JSON écrit dans sync/dashboard_snapshot.json
2026-05-06 06:32:30.399 [JavaFX Application Thread] INFO  c.p.controllers.LoginController - Connexion Setup Admin avec ID: 1
2026-05-06 06:32:58.116 [JavaFX Application Thread] INFO  c.p.utils.DatabaseBackupService - Sauvegarde MySQL réussie vers : C:\Users\TALL SIDI\AppData\Roaming\Microsoft\Windows\Network Shortcuts\pharmacie_backup_2026-05-06_06-32.sql
2026-05-06 06:32:58.130 [JavaFX Application Thread] INFO  com.pharmacie.utils.ZipUtils - Fichier compressé avec succès : C:\Users\TALL SIDI\AppData\Roaming\Microsoft\Windows\Network Shortcuts\pharmacie_backup_2026-05-06_06-32.zip
2026-05-06 06:32:58.470 [JavaFX Application Thread] ERROR c.pharmacie.utils.GoogleDriveService - Erreur lors de l'upload sur Google Drive
java.net.BindException: Address already in use: bind
	at java.base/sun.nio.ch.Net.bind0(Native Method)
	at java.base/sun.nio.ch.Net.bind(Net.java:555)
	at java.base/sun.nio.ch.ServerSocketChannelImpl.netBind(ServerSocketChannelImpl.java:337)
	at java.base/sun.nio.ch.ServerSocketChannelImpl.bind(ServerSocketChannelImpl.java:294)
	at java.base/sun.nio.ch.ServerSocketAdaptor.bind(ServerSocketAdaptor.java:89)
	at jdk.httpserver/sun.net.httpserver.ServerImpl.<init>(ServerImpl.java:142)
	at jdk.httpserver/sun.net.httpserver.HttpServerImpl.<init>(HttpServerImpl.java:50)
	at jdk.httpserver/sun.net.httpserver.DefaultHttpServerProvider.createHttpServer(DefaultHttpServerProvider.java:35)
	at jdk.httpserver/com.sun.net.httpserver.HttpServer.create(HttpServer.java:150)
	at com.google.api.client.extensions.jetty.auth.oauth2.LocalServerReceiver.getRedirectUri(LocalServerReceiver.java:127)
	at com.google.api.client.extensions.java6.auth.oauth2.AuthorizationCodeInstalledApp.authorize(AuthorizationCodeInstalledApp.java:109)
	at com.pharmacie.utils.GoogleDriveService.getDriveService(GoogleDriveService.java:60)
	at com.pharmacie.utils.GoogleDriveService.uploadBackup(GoogleDriveService.java:79)
	at com.pharmacie.controllers.UserController.handleBackupDB(UserController.java:416)
	at java.base/jdk.internal.reflect.NativeMethodAccessorImpl.invoke0(Native Method)
	at java.base/jdk.internal.reflect.NativeMethodAccessorImpl.invoke(NativeMethodAccessorImpl.java:77)
	at java.base/jdk.internal.reflect.DelegatingMethodAccessorImpl.invoke(DelegatingMethodAccessorImpl.java:43)
	at java.base/java.lang.reflect.Method.invoke(Method.java:568)
	at com.sun.javafx.reflect.Trampoline.invoke(MethodUtil.java:77)
	at jdk.internal.reflect.GeneratedMethodAccessor2.invoke(Unknown Source)
	at java.base/jdk.internal.reflect.DelegatingMethodAccessorImpl.invoke(DelegatingMethodAccessorImpl.java:43)
	at java.base/java.lang.reflect.Method.invoke(Method.java:568)
	at javafx.base/com.sun.javafx.reflect.MethodUtil.invoke(MethodUtil.java:275)
	at javafx.fxml/com.sun.javafx.fxml.MethodHelper.invoke(MethodHelper.java:84)
	at javafx.fxml/javafx.fxml.FXMLLoader$MethodHandler.invoke(FXMLLoader.java:1854)
	at javafx.fxml/javafx.fxml.FXMLLoader$ControllerMethodEventHandler.handle(FXMLLoader.java:1724)
	at javafx.base/com.sun.javafx.event.CompositeEventHandler.dispatchBubblingEvent(CompositeEventHandler.java:86)
	at javafx.base/com.sun.javafx.event.EventHandlerManager.dispatchBubblingEvent(EventHandlerManager.java:234)
	at javafx.base/com.sun.javafx.event.EventHandlerManager.dispatchBubblingEvent(EventHandlerManager.java:191)
	at javafx.base/com.sun.javafx.event.CompositeEventDispatcher.dispatchBubblingEvent(CompositeEventDispatcher.java:59)
	at javafx.base/com.sun.javafx.event.BasicEventDispatcher.dispatchEvent(BasicEventDispatcher.java:58)
	at javafx.base/com.sun.javafx.event.EventDispatchChainImpl.dispatchEvent(EventDispatchChainImpl.java:114)
	at javafx.base/com.sun.javafx.event.BasicEventDispatcher.dispatchEvent(BasicEventDispatcher.java:56)
	at javafx.base/com.sun.javafx.event.EventDispatchChainImpl.dispatchEvent(EventDispatchChainImpl.java:114)
	at javafx.base/com.sun.javafx.event.BasicEventDispatcher.dispatchEvent(BasicEventDispatcher.java:56)
	at javafx.base/com.sun.javafx.event.EventDispatchChainImpl.dispatchEvent(EventDispatchChainImpl.java:114)
	at javafx.base/com.sun.javafx.event.BasicEventDispatcher.dispatchEvent(BasicEventDispatcher.java:56)
	at javafx.base/com.sun.javafx.event.EventDispatchChainImpl.dispatchEvent(EventDispatchChainImpl.java:114)
	at javafx.base/com.sun.javafx.event.BasicEventDispatcher.dispatchEvent(BasicEventDispatcher.java:56)
	at javafx.base/com.sun.javafx.event.EventDispatchChainImpl.dispatchEvent(EventDispatchChainImpl.java:114)
	at javafx.base/com.sun.javafx.event.BasicEventDispatcher.dispatchEvent(BasicEventDispatcher.java:56)
	at javafx.base/com.sun.javafx.event.EventDispatchChainImpl.dispatchEvent(EventDispatchChainImpl.java:114)
	at javafx.base/com.sun.javafx.event.EventUtil.fireEventImpl(EventUtil.java:74)
	at javafx.base/com.sun.javafx.event.EventUtil.fireEvent(EventUtil.java:49)
	at javafx.base/javafx.event.Event.fireEvent(Event.java:198)
	at javafx.graphics/javafx.scene.Node.fireEvent(Node.java:8792)
	at javafx.controls/javafx.scene.control.Button.fire(Button.java:203)
	at javafx.controls/com.sun.javafx.scene.control.behavior.ButtonBehavior.mouseReleased(ButtonBehavior.java:208)
	at javafx.controls/com.sun.javafx.scene.control.inputmap.InputMap.handle(InputMap.java:274)
	at javafx.base/com.sun.javafx.event.CompositeEventHandler$NormalEventHandlerRecord.handleBubblingEvent(CompositeEventHandler.java:247)
	at javafx.base/com.sun.javafx.event.CompositeEventHandler.dispatchBubblingEvent(CompositeEventHandler.java:80)
	at javafx.base/com.sun.javafx.event.EventHandlerManager.dispatchBubblingEvent(EventHandlerManager.java:234)
	at javafx.base/com.sun.javafx.event.EventHandlerManager.dispatchBubblingEvent(EventHandlerManager.java:191)
	at javafx.base/com.sun.javafx.event.CompositeEventDispatcher.dispatchBubblingEvent(CompositeEventDispatcher.java:59)
	at javafx.base/com.sun.javafx.event.BasicEventDispatcher.dispatchEvent(BasicEventDispatcher.java:58)
	at javafx.base/com.sun.javafx.event.EventDispatchChainImpl.dispatchEvent(EventDispatchChainImpl.java:114)
	at javafx.base/com.sun.javafx.event.BasicEventDispatcher.dispatchEvent(BasicEventDispatcher.java:56)
	at javafx.base/com.sun.javafx.event.EventDispatchChainImpl.dispatchEvent(EventDispatchChainImpl.java:114)
	at javafx.base/com.sun.javafx.event.BasicEventDispatcher.dispatchEvent(BasicEventDispatcher.java:56)
	at javafx.base/com.sun.javafx.event.EventDispatchChainImpl.dispatchEvent(EventDispatchChainImpl.java:114)
	at javafx.base/com.sun.javafx.event.BasicEventDispatcher.dispatchEvent(BasicEventDispatcher.java:56)
	at javafx.base/com.sun.javafx.event.EventDispatchChainImpl.dispatchEvent(EventDispatchChainImpl.java:114)
	at javafx.base/com.sun.javafx.event.BasicEventDispatcher.dispatchEvent(BasicEventDispatcher.java:56)
	at javafx.base/com.sun.javafx.event.EventDispatchChainImpl.dispatchEvent(EventDispatchChainImpl.java:114)
	at javafx.base/com.sun.javafx.event.BasicEventDispatcher.dispatchEvent(BasicEventDispatcher.java:56)
	at javafx.base/com.sun.javafx.event.EventDispatchChainImpl.dispatchEvent(EventDispatchChainImpl.java:114)
	at javafx.base/com.sun.javafx.event.EventUtil.fireEventImpl(EventUtil.java:74)
	at javafx.base/com.sun.javafx.event.EventUtil.fireEvent(EventUtil.java:54)
	at javafx.base/javafx.event.Event.fireEvent(Event.java:198)
	at javafx.graphics/javafx.scene.Scene$MouseHandler.process(Scene.java:3897)
	at javafx.graphics/javafx.scene.Scene.processMouseEvent(Scene.java:1878)
	at javafx.graphics/javafx.scene.Scene$ScenePeerListener.mouseEvent(Scene.java:2623)
	at javafx.graphics/com.sun.javafx.tk.quantum.GlassViewEventHandler$MouseEventNotification.run(GlassViewEventHandler.java:411)
	at javafx.graphics/com.sun.javafx.tk.quantum.GlassViewEventHandler$MouseEventNotification.run(GlassViewEventHandler.java:301)
	at java.base/java.security.AccessController.doPrivileged(AccessController.java:399)
	at javafx.graphics/com.sun.javafx.tk.quantum.GlassViewEventHandler.lambda$handleMouseEvent$2(GlassViewEventHandler.java:450)
	at javafx.graphics/com.sun.javafx.tk.quantum.QuantumToolkit.runWithoutRenderLock(QuantumToolkit.java:424)
	at javafx.graphics/com.sun.javafx.tk.quantum.GlassViewEventHandler.handleMouseEvent(GlassViewEventHandler.java:449)
	at javafx.graphics/com.sun.glass.ui.View.handleMouseEvent(View.java:557)
	at javafx.graphics/com.sun.glass.ui.View.notifyMouse(View.java:943)
	at javafx.graphics/com.sun.glass.ui.win.WinApplication._runLoop(Native Method)
	at javafx.graphics/com.sun.glass.ui.win.WinApplication.lambda$runLoop$3(WinApplication.java:184)
	at java.base/java.lang.Thread.run(Thread.java:842)
2026-05-06 06:37:14.661 [Timer-0] INFO  com.pharmacie.utils.SyncService - Internet détecté. Début de la synchronisation Cloud...
2026-05-06 06:37:14.661 [Timer-0] INFO  com.pharmacie.utils.SyncService - Démarrage extraction agrégats Jumeau Numérique...
2026-05-06 06:37:14.875 [Timer-0] INFO  com.pharmacie.utils.SyncService - Fichier JSON écrit : C:\projetjavasout\sync\dashboard_snapshot.json (4758 octets)
2026-05-06 06:37:16.891 [Timer-0] INFO  com.pharmacie.utils.SyncService - Synchro Cloud Supabase réussie ! (Code: 200)
2026-05-06 06:37:16.891 [Timer-0] INFO  com.pharmacie.utils.SyncService - Snapshot JSON écrit dans sync/dashboard_snapshot.json
2026-05-06 06:42:14.640 [Timer-0] INFO  com.pharmacie.utils.SyncService - Internet détecté. Début de la synchronisation Cloud...
2026-05-06 06:42:14.641 [Timer-0] INFO  com.pharmacie.utils.SyncService - Démarrage extraction agrégats Jumeau Numérique...
2026-05-06 06:42:14.826 [Timer-0] INFO  com.pharmacie.utils.SyncService - Fichier JSON écrit : C:\projetjavasout\sync\dashboard_snapshot.json (4759 octets)
2026-05-06 06:42:16.479 [Timer-0] INFO  com.pharmacie.utils.SyncService - Synchro Cloud Supabase réussie ! (Code: 200)
2026-05-06 06:42:16.480 [Timer-0] INFO  com.pharmacie.utils.SyncService - Snapshot JSON écrit dans sync/dashboard_snapshot.json
2026-05-06 06:47:14.602 [Timer-0] INFO  com.pharmacie.utils.SyncService - Internet détecté. Début de la synchronisation Cloud...
2026-05-06 06:47:14.602 [Timer-0] INFO  com.pharmacie.utils.SyncService - Démarrage extraction agrégats Jumeau Numérique...
2026-05-06 06:47:14.779 [Timer-0] INFO  com.pharmacie.utils.SyncService - Fichier JSON écrit : C:\projetjavasout\sync\dashboard_snapshot.json (4759 octets)
2026-05-06 06:47:16.590 [Timer-0] INFO  com.pharmacie.utils.SyncService - Synchro Cloud Supabase réussie ! (Code: 200)
2026-05-06 06:47:16.607 [Timer-0] INFO  com.pharmacie.utils.SyncService - Snapshot JSON écrit dans sync/dashboard_snapshot.json
2026-05-06 06:50:32.292 [JavaFX Application Thread] INFO  com.pharmacie.MainApp - Fermeture de l'application Vet-Pharmacy...
2026-05-06 06:50:32.293 [JavaFX Application Thread] INFO  com.pharmacie.utils.SyncService - Service de synchronisation arrêté.
2026-05-06 06:54:13.906 [JavaFX Application Thread] INFO  com.pharmacie.MainApp - Démarrage de l'application Vet-Pharmacy...
2026-05-06 06:54:20.634 [JavaFX Application Thread] INFO  com.pharmacie.utils.HibernateUtil - [Migration] Colonne 'motif' élargie à VARCHAR(255) avec succès.
2026-05-06 06:54:35.493 [Timer-0] INFO  com.pharmacie.utils.SyncService - Internet détecté. Début de la synchronisation Cloud...
2026-05-06 06:54:35.493 [Timer-0] INFO  com.pharmacie.utils.SyncService - Démarrage extraction agrégats Jumeau Numérique...
2026-05-06 06:54:37.449 [Timer-0] INFO  com.pharmacie.utils.SyncService - Fichier JSON écrit : C:\projetjavasout\sync\dashboard_snapshot.json (4759 octets)
2026-05-06 06:54:40.287 [Timer-0] INFO  com.pharmacie.utils.SyncService - Synchro Cloud Supabase réussie ! (Code: 200)
2026-05-06 06:54:40.289 [Timer-0] INFO  com.pharmacie.utils.SyncService - Snapshot JSON écrit dans sync/dashboard_snapshot.json
2026-05-06 06:54:55.321 [JavaFX Application Thread] INFO  c.p.controllers.LoginController - Connexion Setup Admin avec ID: 1
2026-05-06 06:55:19.707 [JavaFX Application Thread] INFO  c.p.utils.DatabaseBackupService - Sauvegarde MySQL réussie vers : C:\Users\TALL SIDI\AppData\Roaming\Microsoft\Windows\Network Shortcuts\pharmacie_backup_2026-05-06_06-55.sql
2026-05-06 06:55:19.729 [JavaFX Application Thread] INFO  com.pharmacie.utils.ZipUtils - Fichier compressé avec succès : C:\Users\TALL SIDI\AppData\Roaming\Microsoft\Windows\Network Shortcuts\pharmacie_backup_2026-05-06_06-55.zip
2026-05-06 06:59:25.711 [Timer-0] INFO  com.pharmacie.utils.SyncService - Internet détecté. Début de la synchronisation Cloud...
2026-05-06 06:59:25.711 [Timer-0] INFO  com.pharmacie.utils.SyncService - Démarrage extraction agrégats Jumeau Numérique...
2026-05-06 06:59:25.955 [Timer-0] INFO  com.pharmacie.utils.SyncService - Fichier JSON écrit : C:\projetjavasout\sync\dashboard_snapshot.json (4758 octets)
2026-05-06 06:59:28.161 [Timer-0] INFO  com.pharmacie.utils.SyncService - Synchro Cloud Supabase réussie ! (Code: 200)
2026-05-06 06:59:28.163 [Timer-0] INFO  com.pharmacie.utils.SyncService - Snapshot JSON écrit dans sync/dashboard_snapshot.json
2026-05-06 07:04:24.383 [Timer-0] INFO  com.pharmacie.utils.SyncService - Internet détecté. Début de la synchronisation Cloud...
2026-05-06 07:04:24.384 [Timer-0] INFO  com.pharmacie.utils.SyncService - Démarrage extraction agrégats Jumeau Numérique...
2026-05-06 07:04:24.589 [Timer-0] INFO  com.pharmacie.utils.SyncService - Fichier JSON écrit : C:\projetjavasout\sync\dashboard_snapshot.json (4759 octets)
2026-05-06 07:04:26.437 [Timer-0] INFO  com.pharmacie.utils.SyncService - Synchro Cloud Supabase réussie ! (Code: 200)
2026-05-06 07:04:26.444 [Timer-0] INFO  com.pharmacie.utils.SyncService - Snapshot JSON écrit dans sync/dashboard_snapshot.json
2026-05-06 07:09:24.312 [Timer-0] INFO  com.pharmacie.utils.SyncService - Internet détecté. Début de la synchronisation Cloud...
2026-05-06 07:09:24.312 [Timer-0] INFO  com.pharmacie.utils.SyncService - Démarrage extraction agrégats Jumeau Numérique...
2026-05-06 07:09:24.502 [Timer-0] INFO  com.pharmacie.utils.SyncService - Fichier JSON écrit : C:\projetjavasout\sync\dashboard_snapshot.json (4759 octets)
2026-05-06 07:09:25.886 [Timer-0] INFO  com.pharmacie.utils.SyncService - Synchro Cloud Supabase réussie ! (Code: 200)
2026-05-06 07:09:25.887 [Timer-0] INFO  com.pharmacie.utils.SyncService - Snapshot JSON écrit dans sync/dashboard_snapshot.json
2026-05-06 07:14:24.370 [Timer-0] INFO  com.pharmacie.utils.SyncService - Internet détecté. Début de la synchronisation Cloud...
2026-05-06 07:14:24.370 [Timer-0] INFO  com.pharmacie.utils.SyncService - Démarrage extraction agrégats Jumeau Numérique...
2026-05-06 07:14:24.554 [Timer-0] INFO  com.pharmacie.utils.SyncService - Fichier JSON écrit : C:\projetjavasout\sync\dashboard_snapshot.json (4759 octets)
2026-05-06 07:14:37.392 [Timer-0] INFO  com.pharmacie.utils.SyncService - Synchro Cloud Supabase réussie ! (Code: 200)
2026-05-06 07:14:37.393 [Timer-0] INFO  com.pharmacie.utils.SyncService - Snapshot JSON écrit dans sync/dashboard_snapshot.json
2026-05-06 07:19:11.254 [JavaFX Application Thread] INFO  com.pharmacie.MainApp - Démarrage de l'application Vet-Pharmacy...
2026-05-06 07:19:20.273 [JavaFX Application Thread] INFO  com.pharmacie.utils.HibernateUtil - [Migration] Colonne 'motif' élargie à VARCHAR(255) avec succès.
2026-05-06 07:19:21.711 [Timer-0] INFO  com.pharmacie.utils.SyncService - Internet détecté. Début de la synchronisation Cloud...
2026-05-06 07:19:21.711 [Timer-0] INFO  com.pharmacie.utils.SyncService - Démarrage extraction agrégats Jumeau Numérique...
2026-05-06 07:19:23.997 [Timer-0] INFO  com.pharmacie.utils.SyncService - Fichier JSON écrit : C:\projetjavasout\sync\dashboard_snapshot.json (4759 octets)
2026-05-06 07:19:26.000 [Timer-0] INFO  com.pharmacie.utils.SyncService - Synchro Cloud Supabase réussie ! (Code: 200)
2026-05-06 07:19:26.002 [Timer-0] INFO  com.pharmacie.utils.SyncService - Snapshot JSON écrit dans sync/dashboard_snapshot.json
2026-05-06 07:19:35.859 [JavaFX Application Thread] INFO  c.p.controllers.LoginController - Connexion Setup Admin avec ID: 1
2026-05-06 07:20:09.547 [JavaFX Application Thread] INFO  c.p.utils.DatabaseBackupService - Sauvegarde MySQL réussie vers : C:\Users\TALL SIDI\AppData\Roaming\Microsoft\Windows\Network Shortcuts\pharmacie_backup_2026-05-06_07-19.sql
2026-05-06 07:20:09.567 [JavaFX Application Thread] INFO  com.pharmacie.utils.ZipUtils - Fichier compressé avec succès : C:\Users\TALL SIDI\AppData\Roaming\Microsoft\Windows\Network Shortcuts\pharmacie_backup_2026-05-06_07-19.zip
2026-05-06 07:21:39.880 [JavaFX Application Thread] INFO  com.pharmacie.MainApp - Démarrage de l'application Vet-Pharmacy...
2026-05-06 07:21:49.275 [JavaFX Application Thread] INFO  com.pharmacie.utils.HibernateUtil - [Migration] Colonne 'motif' élargie à VARCHAR(255) avec succès.
2026-05-06 07:21:50.373 [Timer-0] INFO  com.pharmacie.utils.SyncService - Internet détecté. Début de la synchronisation Cloud...
2026-05-06 07:21:50.373 [Timer-0] INFO  com.pharmacie.utils.SyncService - Démarrage extraction agrégats Jumeau Numérique...
2026-05-06 07:21:52.937 [Timer-0] INFO  com.pharmacie.utils.SyncService - Fichier JSON écrit : C:\projetjavasout\sync\dashboard_snapshot.json (4759 octets)
2026-05-06 07:22:02.655 [JavaFX Application Thread] INFO  c.p.controllers.LoginController - Connexion Setup Admin avec ID: 1
2026-05-06 07:22:06.287 [Timer-0] INFO  com.pharmacie.utils.SyncService - Synchro Cloud Supabase réussie ! (Code: 200)
2026-05-06 07:22:06.290 [Timer-0] INFO  com.pharmacie.utils.SyncService - Snapshot JSON écrit dans sync/dashboard_snapshot.json
2026-05-06 07:22:44.883 [JavaFX Application Thread] INFO  c.p.utils.DatabaseBackupService - Sauvegarde MySQL réussie vers : C:\Users\TALL SIDI\AppData\Roaming\Microsoft\Windows\Network Shortcuts\pharmacie_backup_2026-05-06_07-22.sql
2026-05-06 07:22:44.912 [JavaFX Application Thread] INFO  com.pharmacie.utils.ZipUtils - Fichier compressé avec succès : C:\Users\TALL SIDI\AppData\Roaming\Microsoft\Windows\Network Shortcuts\pharmacie_backup_2026-05-06_07-22.zip
2026-05-06 07:23:43.605 [JavaFX Application Thread] INFO  c.pharmacie.utils.GoogleDriveService - Dossier Drive créé : Backups_Pharmacy
2026-05-06 07:23:45.145 [JavaFX Application Thread] INFO  c.pharmacie.utils.GoogleDriveService - Dossier Drive créé : 2026
2026-05-06 07:23:46.599 [JavaFX Application Thread] INFO  c.pharmacie.utils.GoogleDriveService - Dossier Drive créé : 05
2026-05-06 07:23:46.600 [JavaFX Application Thread] INFO  c.pharmacie.utils.GoogleDriveService - Début de l'upload vers Google Drive : pharmacie_backup_2026-05-06_07-22.zip
2026-05-06 07:23:48.920 [JavaFX Application Thread] INFO  c.pharmacie.utils.GoogleDriveService - Fichier uploadé avec succès sur Drive. File ID: 1t3XD6qIUu60ODOcn4ZJO6q5Fzuxp56XL
2026-05-06 07:24:01.161 [JavaFX Application Thread] INFO  c.p.utils.DatabaseBackupService - Sauvegarde MySQL réussie vers : C:\Users\TALL SIDI\AppData\Roaming\Microsoft\Windows\Network Shortcuts\pharmacie_backup_2026-05-06_07-23.sql
2026-05-06 07:24:01.187 [JavaFX Application Thread] INFO  com.pharmacie.utils.ZipUtils - Fichier compressé avec succès : C:\Users\TALL SIDI\AppData\Roaming\Microsoft\Windows\Network Shortcuts\pharmacie_backup_2026-05-06_07-23.zip
2026-05-06 07:24:02.951 [JavaFX Application Thread] INFO  c.pharmacie.utils.GoogleDriveService - Début de l'upload vers Google Drive : pharmacie_backup_2026-05-06_07-23.zip
2026-05-06 07:24:05.456 [JavaFX Application Thread] INFO  c.pharmacie.utils.GoogleDriveService - Fichier uploadé avec succès sur Drive. File ID: 1C73XhwOM-X6CIyAqKzP7qE55WPprWu85
2026-05-06 07:24:15.674 [JavaFX Application Thread] INFO  c.p.utils.DatabaseBackupService - Sauvegarde MySQL réussie vers : C:\Users\TALL SIDI\AppData\Roaming\Microsoft\Windows\Network Shortcuts\pharmacie_backup_2026-05-06_07-24.sql
2026-05-06 07:24:15.695 [JavaFX Application Thread] INFO  com.pharmacie.utils.ZipUtils - Fichier compressé avec succès : C:\Users\TALL SIDI\AppData\Roaming\Microsoft\Windows\Network Shortcuts\pharmacie_backup_2026-05-06_07-24.zip
2026-05-06 07:24:17.512 [JavaFX Application Thread] INFO  c.pharmacie.utils.GoogleDriveService - Début de l'upload vers Google Drive : pharmacie_backup_2026-05-06_07-24.zip
2026-05-06 07:24:19.888 [JavaFX Application Thread] INFO  c.pharmacie.utils.GoogleDriveService - Fichier uploadé avec succès sur Drive. File ID: 1zhQz6_pSnmEfWJ8xshJAMNzLo_PsXu8U
2026-05-06 07:24:39.476 [JavaFX Application Thread] INFO  c.p.utils.DatabaseBackupService - Sauvegarde MySQL réussie vers : C:\Users\TALL SIDI\AppData\Roaming\Microsoft\Windows\Network Shortcuts\pharmacie_backup_2026-05-06_07-24.sql
2026-05-06 07:24:39.502 [JavaFX Application Thread] INFO  com.pharmacie.utils.ZipUtils - Fichier compressé avec succès : C:\Users\TALL SIDI\AppData\Roaming\Microsoft\Windows\Network Shortcuts\pharmacie_backup_2026-05-06_07-24.zip
2026-05-06 07:24:59.519 [JavaFX Application Thread] ERROR c.pharmacie.utils.GoogleDriveService - Erreur lors de l'upload sur Google Drive
java.net.SocketTimeoutException: Connect timed out
	at java.base/sun.nio.ch.NioSocketImpl.timedFinishConnect(NioSocketImpl.java:551)
	at java.base/sun.nio.ch.NioSocketImpl.connect(NioSocketImpl.java:602)
	at java.base/java.net.SocksSocketImpl.connect(SocksSocketImpl.java:327)
	at java.base/java.net.Socket.connect(Socket.java:633)
	at java.base/sun.security.ssl.SSLSocketImpl.connect(SSLSocketImpl.java:304)
	at java.base/sun.net.NetworkClient.doConnect(NetworkClient.java:178)
	at java.base/sun.net.www.http.HttpClient.openServer(HttpClient.java:534)
	at java.base/sun.net.www.http.HttpClient.openServer(HttpClient.java:639)
	at java.base/sun.net.www.protocol.https.HttpsClient.<init>(HttpsClient.java:266)
	at java.base/sun.net.www.protocol.https.HttpsClient.New(HttpsClient.java:380)
	at java.base/sun.net.www.protocol.https.AbstractDelegateHttpsURLConnection.getNewHttpClient(AbstractDelegateHttpsURLConnection.java:193)
	at java.base/sun.net.www.protocol.http.HttpURLConnection.plainConnect0(HttpURLConnection.java:1257)
	at java.base/sun.net.www.protocol.http.HttpURLConnection.plainConnect(HttpURLConnection.java:1143)
	at java.base/sun.net.www.protocol.https.AbstractDelegateHttpsURLConnection.connect(AbstractDelegateHttpsURLConnection.java:179)
	at java.base/sun.net.www.protocol.https.HttpsURLConnectionImpl.connect(HttpsURLConnectionImpl.java:142)
	at com.google.api.client.http.javanet.NetHttpRequest.execute(NetHttpRequest.java:151)
	at com.google.api.client.http.javanet.NetHttpRequest.execute(NetHttpRequest.java:84)
	at com.google.api.client.http.HttpRequest.execute(HttpRequest.java:1012)
	at com.google.api.client.googleapis.services.AbstractGoogleClientRequest.executeUnparsed(AbstractGoogleClientRequest.java:552)
	at com.google.api.client.googleapis.services.AbstractGoogleClientRequest.executeUnparsed(AbstractGoogleClientRequest.java:493)
	at com.google.api.client.googleapis.services.AbstractGoogleClientRequest.execute(AbstractGoogleClientRequest.java:603)
	at com.pharmacie.utils.GoogleDriveService.getOrCreateFolder(GoogleDriveService.java:130)
	at com.pharmacie.utils.GoogleDriveService.uploadBackup(GoogleDriveService.java:87)
	at com.pharmacie.controllers.UserController.handleBackupDB(UserController.java:416)
	at java.base/jdk.internal.reflect.NativeMethodAccessorImpl.invoke0(Native Method)
	at java.base/jdk.internal.reflect.NativeMethodAccessorImpl.invoke(NativeMethodAccessorImpl.java:77)
	at java.base/jdk.internal.reflect.DelegatingMethodAccessorImpl.invoke(DelegatingMethodAccessorImpl.java:43)
	at java.base/java.lang.reflect.Method.invoke(Method.java:568)
	at com.sun.javafx.reflect.Trampoline.invoke(MethodUtil.java:77)
	at jdk.internal.reflect.GeneratedMethodAccessor2.invoke(Unknown Source)
	at java.base/jdk.internal.reflect.DelegatingMethodAccessorImpl.invoke(DelegatingMethodAccessorImpl.java:43)
	at java.base/java.lang.reflect.Method.invoke(Method.java:568)
	at javafx.base/com.sun.javafx.reflect.MethodUtil.invoke(MethodUtil.java:275)
	at javafx.fxml/com.sun.javafx.fxml.MethodHelper.invoke(MethodHelper.java:84)
	at javafx.fxml/javafx.fxml.FXMLLoader$MethodHandler.invoke(FXMLLoader.java:1854)
	at javafx.fxml/javafx.fxml.FXMLLoader$ControllerMethodEventHandler.handle(FXMLLoader.java:1724)
	at javafx.base/com.sun.javafx.event.CompositeEventHandler.dispatchBubblingEvent(CompositeEventHandler.java:86)
	at javafx.base/com.sun.javafx.event.EventHandlerManager.dispatchBubblingEvent(EventHandlerManager.java:234)
	at javafx.base/com.sun.javafx.event.EventHandlerManager.dispatchBubblingEvent(EventHandlerManager.java:191)
	at javafx.base/com.sun.javafx.event.CompositeEventDispatcher.dispatchBubblingEvent(CompositeEventDispatcher.java:59)
	at javafx.base/com.sun.javafx.event.BasicEventDispatcher.dispatchEvent(BasicEventDispatcher.java:58)
	at javafx.base/com.sun.javafx.event.EventDispatchChainImpl.dispatchEvent(EventDispatchChainImpl.java:114)
	at javafx.base/com.sun.javafx.event.BasicEventDispatcher.dispatchEvent(BasicEventDispatcher.java:56)
	at javafx.base/com.sun.javafx.event.EventDispatchChainImpl.dispatchEvent(EventDispatchChainImpl.java:114)
	at javafx.base/com.sun.javafx.event.BasicEventDispatcher.dispatchEvent(BasicEventDispatcher.java:56)
	at javafx.base/com.sun.javafx.event.EventDispatchChainImpl.dispatchEvent(EventDispatchChainImpl.java:114)
	at javafx.base/com.sun.javafx.event.BasicEventDispatcher.dispatchEvent(BasicEventDispatcher.java:56)
	at javafx.base/com.sun.javafx.event.EventDispatchChainImpl.dispatchEvent(EventDispatchChainImpl.java:114)
	at javafx.base/com.sun.javafx.event.BasicEventDispatcher.dispatchEvent(BasicEventDispatcher.java:56)
	at javafx.base/com.sun.javafx.event.EventDispatchChainImpl.dispatchEvent(EventDispatchChainImpl.java:114)
	at javafx.base/com.sun.javafx.event.BasicEventDispatcher.dispatchEvent(BasicEventDispatcher.java:56)
	at javafx.base/com.sun.javafx.event.EventDispatchChainImpl.dispatchEvent(EventDispatchChainImpl.java:114)
	at javafx.base/com.sun.javafx.event.EventUtil.fireEventImpl(EventUtil.java:74)
	at javafx.base/com.sun.javafx.event.EventUtil.fireEvent(EventUtil.java:49)
	at javafx.base/javafx.event.Event.fireEvent(Event.java:198)
	at javafx.graphics/javafx.scene.Node.fireEvent(Node.java:8792)
	at javafx.controls/javafx.scene.control.Button.fire(Button.java:203)
	at javafx.controls/com.sun.javafx.scene.control.behavior.ButtonBehavior.mouseReleased(ButtonBehavior.java:208)
	at javafx.controls/com.sun.javafx.scene.control.inputmap.InputMap.handle(InputMap.java:274)
	at javafx.base/com.sun.javafx.event.CompositeEventHandler$NormalEventHandlerRecord.handleBubblingEvent(CompositeEventHandler.java:247)
	at javafx.base/com.sun.javafx.event.CompositeEventHandler.dispatchBubblingEvent(CompositeEventHandler.java:80)
	at javafx.base/com.sun.javafx.event.EventHandlerManager.dispatchBubblingEvent(EventHandlerManager.java:234)
	at javafx.base/com.sun.javafx.event.EventHandlerManager.dispatchBubblingEvent(EventHandlerManager.java:191)
	at javafx.base/com.sun.javafx.event.CompositeEventDispatcher.dispatchBubblingEvent(CompositeEventDispatcher.java:59)
	at javafx.base/com.sun.javafx.event.BasicEventDispatcher.dispatchEvent(BasicEventDispatcher.java:58)
	at javafx.base/com.sun.javafx.event.EventDispatchChainImpl.dispatchEvent(EventDispatchChainImpl.java:114)
	at javafx.base/com.sun.javafx.event.BasicEventDispatcher.dispatchEvent(BasicEventDispatcher.java:56)
	at javafx.base/com.sun.javafx.event.EventDispatchChainImpl.dispatchEvent(EventDispatchChainImpl.java:114)
	at javafx.base/com.sun.javafx.event.BasicEventDispatcher.dispatchEvent(BasicEventDispatcher.java:56)
	at javafx.base/com.sun.javafx.event.EventDispatchChainImpl.dispatchEvent(EventDispatchChainImpl.java:114)
	at javafx.base/com.sun.javafx.event.BasicEventDispatcher.dispatchEvent(BasicEventDispatcher.java:56)
	at javafx.base/com.sun.javafx.event.EventDispatchChainImpl.dispatchEvent(EventDispatchChainImpl.java:114)
	at javafx.base/com.sun.javafx.event.BasicEventDispatcher.dispatchEvent(BasicEventDispatcher.java:56)
	at javafx.base/com.sun.javafx.event.EventDispatchChainImpl.dispatchEvent(EventDispatchChainImpl.java:114)
	at javafx.base/com.sun.javafx.event.BasicEventDispatcher.dispatchEvent(BasicEventDispatcher.java:56)
	at javafx.base/com.sun.javafx.event.EventDispatchChainImpl.dispatchEvent(EventDispatchChainImpl.java:114)
	at javafx.base/com.sun.javafx.event.EventUtil.fireEventImpl(EventUtil.java:74)
	at javafx.base/com.sun.javafx.event.EventUtil.fireEvent(EventUtil.java:54)
	at javafx.base/javafx.event.Event.fireEvent(Event.java:198)
	at javafx.graphics/javafx.scene.Scene$MouseHandler.process(Scene.java:3897)
	at javafx.graphics/javafx.scene.Scene.processMouseEvent(Scene.java:1878)
	at javafx.graphics/javafx.scene.Scene$ScenePeerListener.mouseEvent(Scene.java:2623)
	at javafx.graphics/com.sun.javafx.tk.quantum.GlassViewEventHandler$MouseEventNotification.run(GlassViewEventHandler.java:411)
	at javafx.graphics/com.sun.javafx.tk.quantum.GlassViewEventHandler$MouseEventNotification.run(GlassViewEventHandler.java:301)
	at java.base/java.security.AccessController.doPrivileged(AccessController.java:399)
	at javafx.graphics/com.sun.javafx.tk.quantum.GlassViewEventHandler.lambda$handleMouseEvent$2(GlassViewEventHandler.java:450)
	at javafx.graphics/com.sun.javafx.tk.quantum.QuantumToolkit.runWithoutRenderLock(QuantumToolkit.java:424)
	at javafx.graphics/com.sun.javafx.tk.quantum.GlassViewEventHandler.handleMouseEvent(GlassViewEventHandler.java:449)
	at javafx.graphics/com.sun.glass.ui.View.handleMouseEvent(View.java:557)
	at javafx.graphics/com.sun.glass.ui.View.notifyMouse(View.java:943)
	at javafx.graphics/com.sun.glass.ui.win.WinApplication._runLoop(Native Method)
	at javafx.graphics/com.sun.glass.ui.win.WinApplication.lambda$runLoop$3(WinApplication.java:184)
	at java.base/java.lang.Thread.run(Thread.java:842)
2026-05-06 07:27:01.934 [Timer-0] WARN  com.pharmacie.utils.SyncService - Pas d'accès Internet. Fonctionnement 100% hors-ligne maintenu.
2026-05-06 07:32:01.408 [Timer-0] INFO  com.pharmacie.utils.SyncService - Internet détecté. Début de la synchronisation Cloud...
2026-05-06 07:32:01.409 [Timer-0] INFO  com.pharmacie.utils.SyncService - Démarrage extraction agrégats Jumeau Numérique...
2026-05-06 07:32:01.663 [Timer-0] INFO  com.pharmacie.utils.SyncService - Fichier JSON écrit : C:\projetjavasout\sync\dashboard_snapshot.json (4759 octets)
2026-05-06 07:32:03.727 [Timer-0] INFO  com.pharmacie.utils.SyncService - Synchro Cloud Supabase réussie ! (Code: 200)
2026-05-06 07:32:03.728 [Timer-0] INFO  com.pharmacie.utils.SyncService - Snapshot JSON écrit dans sync/dashboard_snapshot.json
2026-05-06 07:33:52.030 [JavaFX Application Thread] INFO  c.p.controllers.VenteController - Caisse ouverte avec un fond de 1234.0
2026-05-06 07:36:45.257 [JavaFX Application Thread] INFO  c.p.controllers.VenteController - Vente (ID: 176) validée et enregistrée via VenteService !
2026-05-06 07:36:50.320 [Timer-0] INFO  com.pharmacie.utils.SyncService - Internet détecté. Début de la synchronisation Cloud...
2026-05-06 07:36:50.320 [Timer-0] INFO  com.pharmacie.utils.SyncService - Démarrage extraction agrégats Jumeau Numérique...
2026-05-06 07:36:50.511 [Timer-0] INFO  com.pharmacie.utils.SyncService - Fichier JSON écrit : C:\projetjavasout\sync\dashboard_snapshot.json (5043 octets)
2026-05-06 07:36:52.015 [Timer-0] INFO  com.pharmacie.utils.SyncService - Synchro Cloud Supabase réussie ! (Code: 200)
2026-05-06 07:36:52.016 [Timer-0] INFO  com.pharmacie.utils.SyncService - Snapshot JSON écrit dans sync/dashboard_snapshot.json
2026-05-06 07:37:39.301 [JavaFX Application Thread] INFO  c.p.utils.DatabaseBackupService - Sauvegarde MySQL réussie vers : C:\Users\TALL SIDI\AppData\Roaming\Microsoft\Windows\Network Shortcuts\pharmacie_backup_2026-05-06_07-37.sql
2026-05-06 07:37:39.314 [JavaFX Application Thread] INFO  com.pharmacie.utils.ZipUtils - Fichier compressé avec succès : C:\Users\TALL SIDI\AppData\Roaming\Microsoft\Windows\Network Shortcuts\pharmacie_backup_2026-05-06_07-37.zip
2026-05-06 07:37:41.220 [JavaFX Application Thread] INFO  c.pharmacie.utils.GoogleDriveService - Début de l'upload vers Google Drive : pharmacie_backup_2026-05-06_07-37.zip
2026-05-06 07:37:43.591 [JavaFX Application Thread] INFO  c.pharmacie.utils.GoogleDriveService - Fichier uploadé avec succès sur Drive. File ID: 1IPC-0n4iD9WAM3HinHL-mgMCJGbfsT5e
2026-05-06 07:38:17.088 [Thread-13] INFO  c.p.utils.DatabaseBackupService - Sauvegarde MySQL réussie vers : C:\projetjavasout\backups\pharmacie_backup_2026-05-06_07-38.sql
2026-05-06 07:38:17.145 [Thread-13] INFO  com.pharmacie.utils.ZipUtils - Fichier compressé avec succès : C:\projetjavasout\backups\pharmacie_backup_2026-05-06_07-38.zip
2026-05-06 07:38:30.024 [Thread-13] INFO  c.pharmacie.utils.GoogleDriveService - Début de l'upload vers Google Drive : pharmacie_backup_2026-05-06_07-38.zip
2026-05-06 07:38:32.366 [Thread-13] INFO  c.pharmacie.utils.GoogleDriveService - Fichier uploadé avec succès sur Drive. File ID: 1ZxzpEZl2sFLMoTZP8bEe-5rD7x0Q8C6-
2026-05-06 07:38:32.368 [Thread-13] INFO  com.pharmacie.utils.SyncService - Démarrage extraction agrégats Jumeau Numérique...
2026-05-06 07:38:32.547 [Thread-13] INFO  com.pharmacie.utils.SyncService - Fichier JSON écrit : C:\projetjavasout\sync\dashboard_snapshot.json (5043 octets)
2026-05-06 07:38:33.782 [Thread-13] INFO  com.pharmacie.utils.SyncService - Synchro Cloud Supabase réussie ! (Code: 200)
2026-05-06 07:38:33.785 [Thread-13] INFO  com.pharmacie.utils.SyncService - Snapshot JSON écrit dans sync/dashboard_snapshot.json
2026-05-06 07:38:36.135 [JavaFX Application Thread] INFO  c.p.controllers.VenteController - Clôture Z : Espèces attendues=41234 FCFA | Mobile attendu=0 FCFA | Écart caisse=12304333 FCFA
2026-05-06 07:39:01.965 [JavaFX Application Thread] INFO  c.p.controllers.VenteController - Caisse ouverte avec un fond de 12345.0
2026-05-06 07:39:59.494 [JavaFX Application Thread] INFO  c.p.controllers.VenteController - Vente (ID: 177) validée et enregistrée via VenteService !
2026-05-06 07:40:12.743 [Thread-14] INFO  c.p.utils.DatabaseBackupService - Sauvegarde MySQL réussie vers : C:\projetjavasout\backups\pharmacie_backup_2026-05-06_07-40.sql
2026-05-06 07:40:12.798 [Thread-14] INFO  com.pharmacie.utils.ZipUtils - Fichier compressé avec succès : C:\projetjavasout\backups\pharmacie_backup_2026-05-06_07-40.zip
2026-05-06 07:40:14.873 [Thread-14] INFO  c.pharmacie.utils.GoogleDriveService - Début de l'upload vers Google Drive : pharmacie_backup_2026-05-06_07-40.zip
2026-05-06 07:40:17.859 [Thread-14] INFO  c.pharmacie.utils.GoogleDriveService - Fichier uploadé avec succès sur Drive. File ID: 16fSCSf3LbKospFd2LGS-U0nEDJRPULac
2026-05-06 07:40:17.861 [Thread-14] INFO  com.pharmacie.utils.SyncService - Démarrage extraction agrégats Jumeau Numérique...
2026-05-06 07:40:18.029 [Thread-14] INFO  com.pharmacie.utils.SyncService - Fichier JSON écrit : C:\projetjavasout\sync\dashboard_snapshot.json (5176 octets)
2026-05-06 07:40:19.782 [Thread-14] INFO  com.pharmacie.utils.SyncService - Synchro Cloud Supabase réussie ! (Code: 200)
2026-05-06 07:40:19.784 [Thread-14] INFO  com.pharmacie.utils.SyncService - Snapshot JSON écrit dans sync/dashboard_snapshot.json
2026-05-06 07:40:22.930 [JavaFX Application Thread] INFO  c.p.controllers.VenteController - Clôture Z : Espèces attendues=12345 FCFA | Mobile attendu=5000 FCFA | Écart caisse=54313087 FCFA
2026-05-06 07:41:50.415 [Timer-0] INFO  com.pharmacie.utils.SyncService - Internet détecté. Début de la synchronisation Cloud...
2026-05-06 07:41:50.415 [Timer-0] INFO  com.pharmacie.utils.SyncService - Démarrage extraction agrégats Jumeau Numérique...
2026-05-06 07:41:50.559 [Timer-0] INFO  com.pharmacie.utils.SyncService - Fichier JSON écrit : C:\projetjavasout\sync\dashboard_snapshot.json (5176 octets)
2026-05-06 07:41:53.156 [Timer-0] INFO  com.pharmacie.utils.SyncService - Synchro Cloud Supabase réussie ! (Code: 200)
2026-05-06 07:41:53.158 [Timer-0] INFO  com.pharmacie.utils.SyncService - Snapshot JSON écrit dans sync/dashboard_snapshot.json
2026-05-06 07:42:31.794 [JavaFX Application Thread] INFO  c.p.controllers.VenteController - Caisse ouverte avec un fond de 12345.0
2026-05-06 07:46:49.895 [Timer-0] WARN  com.pharmacie.utils.SyncService - Pas d'accès Internet. Fonctionnement 100% hors-ligne maintenu.
2026-05-06 07:47:26.412 [JavaFX Application Thread] INFO  c.p.controllers.VenteController - Vente (ID: 178) validée et enregistrée via VenteService !
2026-05-06 07:47:41.843 [Thread-16] INFO  c.p.utils.DatabaseBackupService - Sauvegarde MySQL réussie vers : C:\projetjavasout\backups\pharmacie_backup_2026-05-06_07-47.sql
2026-05-06 07:47:41.892 [Thread-16] INFO  com.pharmacie.utils.ZipUtils - Fichier compressé avec succès : C:\projetjavasout\backups\pharmacie_backup_2026-05-06_07-47.zip
2026-05-06 07:47:41.907 [Thread-16] ERROR c.pharmacie.utils.GoogleDriveService - Erreur lors de l'upload sur Google Drive
java.net.UnknownHostException: www.googleapis.com
	at java.base/sun.nio.ch.NioSocketImpl.connect(NioSocketImpl.java:572)
	at java.base/java.net.SocksSocketImpl.connect(SocksSocketImpl.java:327)
	at java.base/java.net.Socket.connect(Socket.java:633)
	at java.base/sun.security.ssl.SSLSocketImpl.connect(SSLSocketImpl.java:304)
	at java.base/sun.net.NetworkClient.doConnect(NetworkClient.java:178)
	at java.base/sun.net.www.http.HttpClient.openServer(HttpClient.java:534)
	at java.base/sun.net.www.http.HttpClient.openServer(HttpClient.java:639)
	at java.base/sun.net.www.protocol.https.HttpsClient.<init>(HttpsClient.java:266)
	at java.base/sun.net.www.protocol.https.HttpsClient.New(HttpsClient.java:380)
	at java.base/sun.net.www.protocol.https.AbstractDelegateHttpsURLConnection.getNewHttpClient(AbstractDelegateHttpsURLConnection.java:193)
	at java.base/sun.net.www.protocol.http.HttpURLConnection.plainConnect0(HttpURLConnection.java:1257)
	at java.base/sun.net.www.protocol.http.HttpURLConnection.plainConnect(HttpURLConnection.java:1143)
	at java.base/sun.net.www.protocol.https.AbstractDelegateHttpsURLConnection.connect(AbstractDelegateHttpsURLConnection.java:179)
	at java.base/sun.net.www.protocol.https.HttpsURLConnectionImpl.connect(HttpsURLConnectionImpl.java:142)
	at com.google.api.client.http.javanet.NetHttpRequest.execute(NetHttpRequest.java:151)
	at com.google.api.client.http.javanet.NetHttpRequest.execute(NetHttpRequest.java:84)
	at com.google.api.client.http.HttpRequest.execute(HttpRequest.java:1012)
	at com.google.api.client.googleapis.services.AbstractGoogleClientRequest.executeUnparsed(AbstractGoogleClientRequest.java:552)
	at com.google.api.client.googleapis.services.AbstractGoogleClientRequest.executeUnparsed(AbstractGoogleClientRequest.java:493)
	at com.google.api.client.googleapis.services.AbstractGoogleClientRequest.execute(AbstractGoogleClientRequest.java:603)
	at com.pharmacie.utils.GoogleDriveService.getOrCreateFolder(GoogleDriveService.java:130)
	at com.pharmacie.utils.GoogleDriveService.uploadBackup(GoogleDriveService.java:87)
	at com.pharmacie.controllers.VenteController$8.call(VenteController.java:1285)
	at com.pharmacie.controllers.VenteController$8.call(VenteController.java:1253)
	at javafx.graphics/javafx.concurrent.Task$TaskCallable.call(Task.java:1426)
	at java.base/java.util.concurrent.FutureTask.run(FutureTask.java:264)
	at java.base/java.lang.Thread.run(Thread.java:842)
2026-05-06 07:47:41.910 [Thread-16] INFO  com.pharmacie.utils.SyncService - Démarrage extraction agrégats Jumeau Numérique...
2026-05-06 07:47:42.045 [Thread-16] INFO  com.pharmacie.utils.SyncService - Fichier JSON écrit : C:\projetjavasout\sync\dashboard_snapshot.json (5176 octets)
2026-05-06 07:47:42.047 [Thread-16] WARN  com.pharmacie.utils.SyncService - Pas d'accès Internet. L'envoi vers le Cloud est reporté.
2026-05-06 07:47:42.048 [Thread-16] INFO  com.pharmacie.utils.SyncService - Snapshot JSON écrit dans sync/dashboard_snapshot.json
2026-05-06 07:47:43.812 [JavaFX Application Thread] INFO  c.p.controllers.VenteController - Clôture Z : Espèces attendues=12445 FCFA | Mobile attendu=4900 FCFA | Écart caisse=222133 FCFA
2026-05-06 07:48:48.309 [JavaFX Application Thread] INFO  c.p.controllers.VenteController - Caisse ouverte avec un fond de 4321.0
2026-05-06 07:49:14.802 [JavaFX Application Thread] INFO  c.p.controllers.VenteController - Vente (ID: 179) validée et enregistrée via VenteService !
2026-05-06 07:49:26.641 [Thread-17] INFO  c.p.utils.DatabaseBackupService - Sauvegarde MySQL réussie vers : C:\projetjavasout\backups\pharmacie_backup_2026-05-06_07-49.sql
2026-05-06 07:49:26.697 [Thread-17] INFO  com.pharmacie.utils.ZipUtils - Fichier compressé avec succès : C:\projetjavasout\backups\pharmacie_backup_2026-05-06_07-49.zip
2026-05-06 07:49:38.752 [Thread-17] ERROR c.pharmacie.utils.GoogleDriveService - Erreur lors de l'upload sur Google Drive
java.net.UnknownHostException: www.googleapis.com
	at java.base/sun.nio.ch.NioSocketImpl.connect(NioSocketImpl.java:572)
	at java.base/java.net.SocksSocketImpl.connect(SocksSocketImpl.java:327)
	at java.base/java.net.Socket.connect(Socket.java:633)
	at java.base/sun.security.ssl.SSLSocketImpl.connect(SSLSocketImpl.java:304)
	at java.base/sun.net.NetworkClient.doConnect(NetworkClient.java:178)
	at java.base/sun.net.www.http.HttpClient.openServer(HttpClient.java:534)
	at java.base/sun.net.www.http.HttpClient.openServer(HttpClient.java:639)
	at java.base/sun.net.www.protocol.https.HttpsClient.<init>(HttpsClient.java:266)
	at java.base/sun.net.www.protocol.https.HttpsClient.New(HttpsClient.java:380)
	at java.base/sun.net.www.protocol.https.AbstractDelegateHttpsURLConnection.getNewHttpClient(AbstractDelegateHttpsURLConnection.java:193)
	at java.base/sun.net.www.protocol.http.HttpURLConnection.plainConnect0(HttpURLConnection.java:1257)
	at java.base/sun.net.www.protocol.http.HttpURLConnection.plainConnect(HttpURLConnection.java:1143)
	at java.base/sun.net.www.protocol.https.AbstractDelegateHttpsURLConnection.connect(AbstractDelegateHttpsURLConnection.java:179)
	at java.base/sun.net.www.protocol.https.HttpsURLConnectionImpl.connect(HttpsURLConnectionImpl.java:142)
	at com.google.api.client.http.javanet.NetHttpRequest.execute(NetHttpRequest.java:151)
	at com.google.api.client.http.javanet.NetHttpRequest.execute(NetHttpRequest.java:84)
	at com.google.api.client.http.HttpRequest.execute(HttpRequest.java:1012)
	at com.google.api.client.googleapis.services.AbstractGoogleClientRequest.executeUnparsed(AbstractGoogleClientRequest.java:552)
	at com.google.api.client.googleapis.services.AbstractGoogleClientRequest.executeUnparsed(AbstractGoogleClientRequest.java:493)
	at com.google.api.client.googleapis.services.AbstractGoogleClientRequest.execute(AbstractGoogleClientRequest.java:603)
	at com.pharmacie.utils.GoogleDriveService.getOrCreateFolder(GoogleDriveService.java:130)
	at com.pharmacie.utils.GoogleDriveService.uploadBackup(GoogleDriveService.java:87)
	at com.pharmacie.controllers.VenteController$8.call(VenteController.java:1285)
	at com.pharmacie.controllers.VenteController$8.call(VenteController.java:1253)
	at javafx.graphics/javafx.concurrent.Task$TaskCallable.call(Task.java:1426)
	at java.base/java.util.concurrent.FutureTask.run(FutureTask.java:264)
	at java.base/java.lang.Thread.run(Thread.java:842)
2026-05-06 07:49:38.756 [Thread-17] INFO  com.pharmacie.utils.SyncService - Démarrage extraction agrégats Jumeau Numérique...
2026-05-06 07:49:38.929 [Thread-17] INFO  com.pharmacie.utils.SyncService - Fichier JSON écrit : C:\projetjavasout\sync\dashboard_snapshot.json (5174 octets)
2026-05-06 07:49:38.931 [Thread-17] WARN  com.pharmacie.utils.SyncService - Pas d'accès Internet. L'envoi vers le Cloud est reporté.
2026-05-06 07:49:38.933 [Thread-17] INFO  com.pharmacie.utils.SyncService - Snapshot JSON écrit dans sync/dashboard_snapshot.json
2026-05-06 07:49:49.611 [JavaFX Application Thread] INFO  c.p.controllers.VenteController - Clôture Z : Espèces attendues=4321 FCFA | Mobile attendu=5000 FCFA | Écart caisse=1111 FCFA
2026-05-06 07:50:37.550 [JavaFX Application Thread] INFO  c.p.controllers.VenteController - Caisse ouverte avec un fond de 321.0
2026-05-06 07:50:45.190 [Thread-18] INFO  c.p.utils.DatabaseBackupService - Sauvegarde MySQL réussie vers : C:\projetjavasout\backups\pharmacie_backup_2026-05-06_07-50.sql
2026-05-06 07:50:45.237 [Thread-18] INFO  com.pharmacie.utils.ZipUtils - Fichier compressé avec succès : C:\projetjavasout\backups\pharmacie_backup_2026-05-06_07-50.zip
2026-05-06 07:50:59.618 [Thread-18] INFO  c.pharmacie.utils.GoogleDriveService - Début de l'upload vers Google Drive : pharmacie_backup_2026-05-06_07-50.zip
2026-05-06 07:51:02.316 [Thread-18] INFO  c.pharmacie.utils.GoogleDriveService - Fichier uploadé avec succès sur Drive. File ID: 1bft4Dumc8177BbGT4trh0VnN-u4rXi0P
2026-05-06 07:51:02.318 [Thread-18] INFO  com.pharmacie.utils.SyncService - Démarrage extraction agrégats Jumeau Numérique...
2026-05-06 07:51:02.488 [Thread-18] INFO  com.pharmacie.utils.SyncService - Fichier JSON écrit : C:\projetjavasout\sync\dashboard_snapshot.json (5174 octets)
2026-05-06 07:51:20.159 [Thread-18] INFO  com.pharmacie.utils.SyncService - Synchro Cloud Supabase réussie ! (Code: 200)
2026-05-06 07:51:20.159 [Thread-18] INFO  com.pharmacie.utils.SyncService - Snapshot JSON écrit dans sync/dashboard_snapshot.json
2026-05-06 07:51:26.481 [JavaFX Application Thread] INFO  c.p.controllers.VenteController - Clôture Z : Espèces attendues=321 FCFA | Mobile attendu=0 FCFA | Écart caisse=2957 FCFA
2026-05-06 07:51:34.678 [JavaFX Application Thread] INFO  c.p.controllers.VenteController - Caisse ouverte avec un fond de 34.0
2026-05-06 07:51:42.806 [Thread-19] INFO  c.p.utils.DatabaseBackupService - Sauvegarde MySQL réussie vers : C:\projetjavasout\backups\pharmacie_backup_2026-05-06_07-51.sql
2026-05-06 07:51:42.861 [Thread-19] INFO  com.pharmacie.utils.ZipUtils - Fichier compressé avec succès : C:\projetjavasout\backups\pharmacie_backup_2026-05-06_07-51.zip
2026-05-06 07:51:52.897 [Timer-0] WARN  com.pharmacie.utils.SyncService - Pas d'accès Internet. Fonctionnement 100% hors-ligne maintenu.
2026-05-06 07:51:54.753 [Thread-19] INFO  c.pharmacie.utils.GoogleDriveService - Début de l'upload vers Google Drive : pharmacie_backup_2026-05-06_07-51.zip
2026-05-06 07:51:59.686 [Thread-19] INFO  c.pharmacie.utils.GoogleDriveService - Fichier uploadé avec succès sur Drive. File ID: 1eicIuZUkDvZkvZxDBlqxhDEACyZFXblS
2026-05-06 07:51:59.688 [Thread-19] INFO  com.pharmacie.utils.SyncService - Démarrage extraction agrégats Jumeau Numérique...
2026-05-06 07:51:59.847 [Thread-19] INFO  com.pharmacie.utils.SyncService - Fichier JSON écrit : C:\projetjavasout\sync\dashboard_snapshot.json (5174 octets)
2026-05-06 07:52:09.217 [Thread-19] INFO  com.pharmacie.utils.SyncService - Synchro Cloud Supabase réussie ! (Code: 200)
2026-05-06 07:52:09.219 [Thread-19] INFO  com.pharmacie.utils.SyncService - Snapshot JSON écrit dans sync/dashboard_snapshot.json
2026-05-06 07:52:18.948 [JavaFX Application Thread] INFO  c.p.controllers.VenteController - Clôture Z : Espèces attendues=34 FCFA | Mobile attendu=0 FCFA | Écart caisse=4287 FCFA
2026-05-06 07:57:02.355 [Timer-0] INFO  com.pharmacie.utils.SyncService - Internet détecté. Début de la synchronisation Cloud...
2026-05-06 07:57:02.355 [Timer-0] INFO  com.pharmacie.utils.SyncService - Démarrage extraction agrégats Jumeau Numérique...
2026-05-06 07:57:02.521 [Timer-0] INFO  com.pharmacie.utils.SyncService - Fichier JSON écrit : C:\projetjavasout\sync\dashboard_snapshot.json (5174 octets)
2026-05-06 07:57:03.972 [Timer-0] INFO  com.pharmacie.utils.SyncService - Synchro Cloud Supabase réussie ! (Code: 200)
2026-05-06 07:57:03.973 [Timer-0] INFO  com.pharmacie.utils.SyncService - Snapshot JSON écrit dans sync/dashboard_snapshot.json
2026-05-06 08:02:02.256 [Timer-0] INFO  com.pharmacie.utils.SyncService - Internet détecté. Début de la synchronisation Cloud...
2026-05-06 08:02:02.256 [Timer-0] INFO  com.pharmacie.utils.SyncService - Démarrage extraction agrégats Jumeau Numérique...
2026-05-06 08:02:02.409 [Timer-0] INFO  com.pharmacie.utils.SyncService - Fichier JSON écrit : C:\projetjavasout\sync\dashboard_snapshot.json (5174 octets)
2026-05-06 08:02:04.418 [Timer-0] INFO  com.pharmacie.utils.SyncService - Synchro Cloud Supabase réussie ! (Code: 200)
2026-05-06 08:02:04.419 [Timer-0] INFO  com.pharmacie.utils.SyncService - Snapshot JSON écrit dans sync/dashboard_snapshot.json
2026-05-06 08:07:01.945 [Timer-0] INFO  com.pharmacie.utils.SyncService - Internet détecté. Début de la synchronisation Cloud...
2026-05-06 08:07:01.945 [Timer-0] INFO  com.pharmacie.utils.SyncService - Démarrage extraction agrégats Jumeau Numérique...
2026-05-06 08:07:02.103 [Timer-0] INFO  com.pharmacie.utils.SyncService - Fichier JSON écrit : C:\projetjavasout\sync\dashboard_snapshot.json (5174 octets)
2026-05-06 08:07:03.417 [Timer-0] INFO  com.pharmacie.utils.SyncService - Synchro Cloud Supabase réussie ! (Code: 200)
2026-05-06 08:07:03.419 [Timer-0] INFO  com.pharmacie.utils.SyncService - Snapshot JSON écrit dans sync/dashboard_snapshot.json
2026-05-06 08:11:52.363 [Timer-0] INFO  com.pharmacie.utils.SyncService - Internet détecté. Début de la synchronisation Cloud...
2026-05-06 08:11:52.364 [Timer-0] INFO  com.pharmacie.utils.SyncService - Démarrage extraction agrégats Jumeau Numérique...
2026-05-06 08:11:52.519 [Timer-0] INFO  com.pharmacie.utils.SyncService - Fichier JSON écrit : C:\projetjavasout\sync\dashboard_snapshot.json (5174 octets)
2026-05-06 08:12:11.995 [Timer-0] INFO  com.pharmacie.utils.SyncService - Synchro Cloud Supabase réussie ! (Code: 200)
2026-05-06 08:12:11.997 [Timer-0] INFO  com.pharmacie.utils.SyncService - Snapshot JSON écrit dans sync/dashboard_snapshot.json
2026-05-06 08:17:01.423 [Timer-0] INFO  com.pharmacie.utils.SyncService - Internet détecté. Début de la synchronisation Cloud...
2026-05-06 08:17:01.423 [Timer-0] INFO  com.pharmacie.utils.SyncService - Démarrage extraction agrégats Jumeau Numérique...
2026-05-06 08:17:01.550 [Timer-0] INFO  com.pharmacie.utils.SyncService - Fichier JSON écrit : C:\projetjavasout\sync\dashboard_snapshot.json (5174 octets)
2026-05-06 08:17:03.399 [Timer-0] INFO  com.pharmacie.utils.SyncService - Synchro Cloud Supabase réussie ! (Code: 200)
2026-05-06 08:17:03.400 [Timer-0] INFO  com.pharmacie.utils.SyncService - Snapshot JSON écrit dans sync/dashboard_snapshot.json
2026-05-06 08:21:50.314 [Timer-0] INFO  com.pharmacie.utils.SyncService - Internet détecté. Début de la synchronisation Cloud...
2026-05-06 08:21:50.315 [Timer-0] INFO  com.pharmacie.utils.SyncService - Démarrage extraction agrégats Jumeau Numérique...
2026-05-06 08:21:50.459 [Timer-0] INFO  com.pharmacie.utils.SyncService - Fichier JSON écrit : C:\projetjavasout\sync\dashboard_snapshot.json (5174 octets)
2026-05-06 08:21:51.760 [Timer-0] INFO  com.pharmacie.utils.SyncService - Synchro Cloud Supabase réussie ! (Code: 200)
2026-05-06 08:21:51.761 [Timer-0] INFO  com.pharmacie.utils.SyncService - Snapshot JSON écrit dans sync/dashboard_snapshot.json
2026-05-06 08:28:22.014 [Timer-0] WARN  com.pharmacie.utils.SyncService - Pas d'accès Internet. Fonctionnement 100% hors-ligne maintenu.
2026-05-06 08:32:02.313 [Timer-0] INFO  com.pharmacie.utils.SyncService - Internet détecté. Début de la synchronisation Cloud...
2026-05-06 08:32:02.313 [Timer-0] INFO  com.pharmacie.utils.SyncService - Démarrage extraction agrégats Jumeau Numérique...
2026-05-06 08:32:02.442 [Timer-0] INFO  com.pharmacie.utils.SyncService - Fichier JSON écrit : C:\projetjavasout\sync\dashboard_snapshot.json (5173 octets)
2026-05-06 08:32:04.368 [Timer-0] INFO  com.pharmacie.utils.SyncService - Synchro Cloud Supabase réussie ! (Code: 200)
2026-05-06 08:32:04.369 [Timer-0] INFO  com.pharmacie.utils.SyncService - Snapshot JSON écrit dans sync/dashboard_snapshot.json
2026-05-06 08:36:50.353 [Timer-0] INFO  com.pharmacie.utils.SyncService - Internet détecté. Début de la synchronisation Cloud...
2026-05-06 08:36:50.354 [Timer-0] INFO  com.pharmacie.utils.SyncService - Démarrage extraction agrégats Jumeau Numérique...
2026-05-06 08:36:50.487 [Timer-0] INFO  com.pharmacie.utils.SyncService - Fichier JSON écrit : C:\projetjavasout\sync\dashboard_snapshot.json (5174 octets)
